colorimetryDataBlock.c:13:6:colorimetryDataBlock_Reset	0	static
colorimetryDataBlock.c:20:5:colorimetryDataBlock_Parse	16	static
colorimetryDataBlock.c:36:5:colorimetryDataBlock_SupportsXvYcc709	8	static
colorimetryDataBlock.c:41:5:colorimetryDataBlock_SupportsXvYcc601	8	static
colorimetryDataBlock.c:46:5:colorimetryDataBlock_SupportsMetadata0	8	static
colorimetryDataBlock.c:51:5:colorimetryDataBlock_SupportsMetadata1	8	static
colorimetryDataBlock.c:56:5:colorimetryDataBlock_SupportsMetadata2	8	static
