edid.c:84:12:edid_i2c_count	8	static
edid.c:121:5:edid_Standby	8	static
edid.c:198:14:edid_GetDtdCount	8	static
edid.c:204:5:edid_GetDtd	16	static
edid.c:215:5:edid_GetHdmivsdb	8	static
edid.c:226:5:edid_GetMonitorName	16	static
edid.c:237:5:edid_GetMonitorRangeLimits	8	static
edid.c:248:14:edid_GetSvdCount	8	static
edid.c:254:5:edid_GetSvd	16	static
edid.c:265:14:edid_GetSadCount	8	static
edid.c:271:5:edid_GetSad	16	static
edid.c:282:5:edid_GetVideoCapabilityDataBlock	8	static
edid.c:294:5:edid_GetSpeakerAllocationDataBlock	8	static
edid.c:306:5:edid_GetColorimetryDataBlock	8	static
edid.c:318:5:edid_SupportsBasicAudio	0	static
edid.c:323:5:edid_SupportsUnderscan	0	static
edid.c:328:5:edid_SupportsYcc422	0	static
edid.c:333:5:edid_SupportsYcc444	0	static
edid.c:338:5:edid_Reset	8	static
edid.c:370:5:edid_ReadRequest	16	static
edid.c:98:5:edid_Initialize	24	static
edid.c:522:4:edid_ParseDataBlock	48	static
edid.c:390:5:edid_ParseBlock	72	static
edid.c:129:4:edid_EventHandler	32	static
