speakerAllocationDataBlock.c:14:6:speakerAllocationDataBlock_Reset	0	static
speakerAllocationDataBlock.c:20:5:speakerAllocationDataBlock_Parse	16	static
speakerAllocationDataBlock.c:35:5:speakerAllocationDataBlock_SupportsFlFr	8	static
speakerAllocationDataBlock.c:41:5:speakerAllocationDataBlock_SupportsLfe	8	static
speakerAllocationDataBlock.c:47:5:speakerAllocationDataBlock_SupportsFc	8	static
speakerAllocationDataBlock.c:53:5:speakerAllocationDataBlock_SupportsRlRr	8	static
speakerAllocationDataBlock.c:59:5:speakerAllocationDataBlock_SupportsRc	8	static
speakerAllocationDataBlock.c:65:5:speakerAllocationDataBlock_SupportsFlcFrc	8	static
speakerAllocationDataBlock.c:71:5:speakerAllocationDataBlock_SupportsRlcRrc	8	static
speakerAllocationDataBlock.c:77:4:speakerAllocationDataBlock_GetChannelAllocationCode	0	static
speakerAllocationDataBlock.c:151:4:speakerAllocationDataBlock_GetSpeakerAllocationByte	0	static
