board.c:142:12:display_banner	8	static
board.c:136:12:init_baudrate	8	static
board.c:103:13:__coloured_LED_init	0	static
board.c:106:13:__red_led_on	0	static
board.c:108:13:__red_led_off	0	static
board.c:110:13:__green_led_on	0	static
board.c:112:13:__green_led_off	0	static
board.c:114:13:__yellow_led_on	0	static
board.c:116:13:__yellow_led_off	0	static
board.c:118:13:__blue_led_on	0	static
board.c:120:13:__blue_led_off	0	static
board.c:241:6:__dram_init_banksize	0	static
board.c:532:6:board_init_r	8	static
board.c:778:6:hang	8	static
board.c:302:6:board_init_f	16	static
