nand_bbt.c:335:12:scan_read_raw_oob	64	static
nand_bbt.c:368:12:scan_read_raw	48	static
nand_bbt.c:212:12:read_bbt	104	static
nand_bbt.c:291:12:read_abs_bbt	48	static
nand_bbt.c:694:12:write_bbt	264	static
nand_bbt.c:1104:13:verify_bbt_descr	24	static
nand_bbt.c:95:12:check_pattern	32	static
nand_bbt.c:504:12:create_bbt	112	static
nand_bbt.c:598:12:search_bbt	72	static
nand_bbt.c:1226:5:nand_update_bbt	48	static
nand_bbt.c:1045:13:mark_bbt_region	48	static
nand_bbt.c:1158:5:nand_scan_bbt	72	static
nand_bbt.c:1377:5:nand_default_bbt	16	static
nand_bbt.c:1428:5:nand_isbad_bbt	8	static
