nand_base.c:153:13:nand_release_device	8	static
nand_base.c:167:9:nand_read_byte	0	static
nand_base.c:180:16:nand_read_byte16	0	static
nand_base.c:193:12:nand_read_word	0	static
nand_base.c:232:6:nand_write_buf	8	static
nand_base.c:251:6:nand_read_buf	0	static
nand_base.c:268:12:nand_verify_buf	8	static
nand_base.c:289:6:nand_write_buf16	8	static
nand_base.c:311:6:nand_read_buf16	8	static
nand_base.c:330:12:nand_verify_buf16	8	static
nand_base.c:470:12:nand_check_wp	16	static
nand_base.c:833:12:nand_read_page_raw	16	static
nand_base.c:850:12:nand_read_page_raw_syndrome	32	static
nand_base.c:891:12:nand_read_page_swecc	48	static
nand_base.c:933:12:nand_read_subpage	48	static
nand_base.c:1021:12:nand_read_page_hwecc	48	static
nand_base.c:1071:12:nand_read_page_hwecc_oob_first	40	static
nand_base.c:1116:12:nand_read_page_syndrome	32	static
nand_base.c:1396:12:nand_read_oob_std	16	static
nand_base.c:1415:12:nand_read_oob_syndrome	48	static
nand_base.c:1454:12:nand_write_oob_std	24	static
nand_base.c:1478:12:nand_write_oob_syndrome	64	static
nand_base.c:1682:13:nand_write_page_raw	16	static
nand_base.c:1697:13:nand_write_page_raw_syndrome	32	static
nand_base.c:1734:13:nand_write_page_swecc	48	static
nand_base.c:1760:13:nand_write_page_hwecc	40	static
nand_base.c:1791:13:nand_write_page_syndrome	32	static
nand_base.c:2212:13:single_erase_cmd	16	static
nand_base.c:2228:13:multi_erase_cmd	16	static
nand_base.c:2427:13:nand_sync	0	static
nand_base.c:493:12:nand_block_checkbad	40	static
nand_base.c:2444:12:nand_block_isbad	24	static
nand_base.c:2460:12:nand_block_markbad	24	static
nand_base.c:1835:12:nand_write_page	32	static
nand_base.c:352:12:nand_block_bad	32	static
nand_base.c:2533:13:sanitize_string	0	static
bitops.h:12:19:0	0	static
nand_base.c:206:13:nand_select_chip	8	static
nand_base.c:1890:17:nand_fill_oob	24	static
nand_base.c:2090:12:nand_do_write_oob	56	static
nand_base.c:405:12:nand_default_block_markbad	48	static
nand_base.c:1943:12:nand_do_write_ops	88	static
nand_base.c:2168:12:nand_write_oob	32	static
nand_base.c:2055:12:nand_write	40	static
nand_base.c:1168:17:nand_transfer_oob	24	static
nand_base.c:788:12:nand_wait	24	static
nand_base.c:521:6:nand_wait_ready	16	static
nand_base.c:1218:12:nand_do_read_ops	96	static
nand_base.c:1634:12:nand_read_oob	80	static
nand_base.c:1362:12:nand_read	40	static
nand_base.c:547:13:nand_command	24	static
nand_base.c:652:13:nand_command_lp	32	static
nand_base.c:2260:5:nand_erase_nand	72	static
nand_base.c:2246:12:nand_erase	0	static
nand_base.c:2924:5:nand_scan_ident	64	static
nand_base.c:2981:5:nand_scan_tail	16	static
nand_base.c:3323:5:nand_scan	8	static
nand_base.c:3337:6:nand_release	8	static
