shikhara_nand.c:342:5:snand_correct_data	12	static
shikhara_nand.c:385:12:snand_read_oob	16	static
shikhara_nand.c:415:12:snand_write_oob	16	static
shikhara_nand.c:448:12:snand_read_page_raw	16	static
shikhara_nand.c:469:12:snand_read_page_raw_nooob	8	static
shikhara_nand.c:476:12:snand_read_subpage_raw	24	static
shikhara_nand.c:495:13:snand_write_page_raw	16	static
shikhara_nand.c:524:6:snand_write_page_hwecc	40	static
shikhara_nand.c:579:13:snand_write_page_swecc	48	static
shikhara_nand.c:611:5:snand_read_page_hwecc	48	static
shikhara_nand.c:683:12:snand_read_page_swecc	48	static
shikhara_nand.c:725:13:snand_select_chip	0	static
shikhara_nand.c:872:13:snand_read_buf	0	static
shikhara_nand.c:923:13:snand_write_buf	0	static
shikhara_nand.c:278:1:snand_calculate_hwecc	16	static
shikhara_nand.c:973:12:snand_device_ready	16	static
shikhara_nand.c:737:13:snand_cmd_function	48	static
shikhara_nand.c:324:5:sonehot	0	static
shikhara_nand.c:991:5:shikharaon_nand_init	40	static
