pl330.c:320:20:_callback	8	static
pl330.c:338:20:is_manager	0	static
pl330.c:357:19:get_id	0	static
pl330.c:479:19:_emit_LPEND	12	static
pl330.c:858:20:_req_active	0	static
pl330.c:764:20:_execute_DBGINSN	16	static
pl330.c:799:19:_state	16	static
pl330.c:884:13:_stop	24	static
pl330.c:873:24:_thrd_active	8	static
pl330.c:1044:12:_bursts	20	static
pl330.c:966:13:_start	32	static
pl330.c:1246:12:_setup_req	88	static
pl330.c:1346:5:pl330_submit_req	40	static
pl330.c:1503:5:pl330_update	48	static
pl330.c:1629:5:pl330_irq_poll	16	static
pl330.c:1654:5:pl330_chan_ctrl	16	static
pl330.c:1715:5:pl330_chan_status	16	static
pl330.c:1785:7:pl330_request_channel	28	static
pl330.c:1834:6:pl330_release_channel	16	static
pl330.c:1997:5:pl330_add	24	static
pl330.c:2108:6:pl330_del	24	static
