shikara-pl330.c:87:35:id_to_chan	0	static
shikara-pl330.c:119:13:chan_free	0	static
shikara-pl330.c:132:17:iface_of_dmac	0	static
shikara-pl330.c:297:20:del_from_queue	8	static
shikara-pl330.c:388:20:_finish_off	16	static
shikara-pl330.c:533:13:chan_release	8	static
shikara-pl330.c:408:19:shikara_pl330_submit	48	static
shikara-pl330.c:479:13:shikara_pl330_rq	24	static
shikara-pl330.c:524:13:shikara_pl330_rq1	0	static
shikara-pl330.c:516:13:shikara_pl330_rq0	0	static
shikara-pl330.c:545:5:shikara_dma_ctrl	32	static
shikara-pl330.c:648:5:shikara_dma_enqueue_ring	32	static
shikara-pl330.c:750:5:shikara_dma_request	56	static
shikara-pl330.c:816:5:shikara_dma_free	24	static
shikara-pl330.c:885:5:shikara_dma_config	16	static
shikara-pl330.c:927:5:shikara_dma_setflags	16	static
shikara-pl330.c:942:5:shikara_dma_getposition	48	static
shikara-pl330.c:966:5:shikara_dma_set_buffdone_fn	16	static
shikara-pl330.c:985:5:shikara_dma_devconfig	16	static
shikara-pl330.c:1049:5:dma_pl330_init	40	static
shikara-pl330.c:1168:5:pl330_remove	32	static
