usbd3-ss.c:478:13:shikhara_usb_softreset_phy	0	static
usbd3-ss.c:539:12:shikhara_usb_wait_ep_cmd_complete	16	static
usbd3-ss.c:565:12:shikhara_usb_set_ep_cfg	16	static
usbd3-ss.c:321:13:shikhara_usb_free	0	static
usbd3-ss.c:737:13:2	8	static
usbd3-ss.c:769:12:7	16	static
usbd3-ss.c:593:12:8	8	static
usbd3-ss.c:692:12:shikhara_usb_activate_ep	16	static
usbd3-ss.c:292:12:9	24	static
usbd3-ss.c:43:6:drd_flush_cache	8	static
usbd3-ss.c:1170:12:shikhara_usb_start_ep0_in_xfer	24	static
usbd3-ss.c:1204:12:shikhara_usb_start_ep0_out_xfer	16	static
usbd3-ss.c:816:12:shikhara_usb_start_ep0_setup_rx	16	static
usbd3-ss.c:51:6:drd_inval_cache	8	static
usbd3-ss.c:1350:6:shikhara_usb_handle_setup	16	static
usbd3-ss.c:2140:5:shikhara_usbc_activate	8	static
usbd3-ss.c:2148:5:shikhara_usb_stop	8	static
usbd3-ss.c:2155:5:shikhara_udc_int_hndlr	48	static
usbd3-ss.c:2162:5:shikhara_usbctl_init	24	static
