shikhara_mipi_dsi_hal.c:13:6:mipi_dsih_write_word	8	static
shikhara_mipi_dsi_hal.c:29:10:mipi_dsih_read_word	8	static
shikhara_mipi_dsi_hal.c:19:6:mipi_dsih_write_part	24	static
shikhara_mipi_dsi_hal.c:34:10:mipi_dsih_read_part	16	static
shikhara_mipi_dsi_hal.c:52:10:mipi_dsih_dphy_read_word	8	static
shikhara_mipi_dsi_hal.c:60:6:mipi_dsih_dphy_write_word	8	static
shikhara_mipi_dsi_hal.c:39:6:mipi_dsih_dphy_write_part	24	static
shikhara_mipi_dsi_hal.c:67:10:mipi_dsih_dphy_read_part	16	static
shikhara_mipi_dsi_hal.c:73:6:io_bus_write32	0	static
shikhara_mipi_dsi_hal.c:78:11:io_bus_read32	0	static
shikhara_mipi_dsi_hal.c:85:10:mipi_dsih_hal_get_version	0	static
shikhara_mipi_dsi_hal.c:90:6:mipi_dsih_hal_power	16	static
shikhara_mipi_dsi_hal.c:95:6:mipi_dsih_hal_tx_escape_division	16	static
shikhara_mipi_dsi_hal.c:101:6:mipi_dsih_hal_dpi_lp_during_hfp	16	static
shikhara_mipi_dsi_hal.c:107:6:mipi_dsih_hal_dpi_lp_during_hbp	16	static
shikhara_mipi_dsi_hal.c:112:6:mipi_dsih_hal_dpi_lp_during_vactive	16	static
shikhara_mipi_dsi_hal.c:117:6:mipi_dsih_hal_dpi_lp_during_vfp	16	static
shikhara_mipi_dsi_hal.c:122:6:mipi_dsih_hal_dpi_lp_during_vbp	16	static
shikhara_mipi_dsi_hal.c:127:6:mipi_dsih_hal_dpi_lp_during_vsync	16	static
shikhara_mipi_dsi_hal.c:132:6:mipi_dsih_hal_dpi_video_vc	16	static
shikhara_mipi_dsi_hal.c:137:14:mipi_dsih_hal_dpi_color_coding	16	static
shikhara_mipi_dsi_hal.c:156:6:mipi_dsih_hal_dpi_18_loosely_packet_en	16	static
shikhara_mipi_dsi_hal.c:161:6:mipi_dsih_hal_dpi_color_mode_pol	16	static
shikhara_mipi_dsi_hal.c:166:6:mipi_dsih_hal_dpi_shut_down_pol	16	static
shikhara_mipi_dsi_hal.c:171:6:mipi_dsih_hal_dpi_hsync_pol	16	static
shikhara_mipi_dsi_hal.c:176:6:mipi_dsih_hal_dpi_vsync_pol	16	static
shikhara_mipi_dsi_hal.c:181:6:mipi_dsih_hal_dpi_dataen_pol	16	static
shikhara_mipi_dsi_hal.c:186:6:mipi_dsih_hal_gen_eotp_rx_en	16	static
shikhara_mipi_dsi_hal.c:191:6:mipi_dsih_hal_gen_eotp_tx_en	16	static
shikhara_mipi_dsi_hal.c:196:6:mipi_dsih_hal_bta_en	16	static
shikhara_mipi_dsi_hal.c:201:6:mipi_dsih_hal_gen_ecc_rx_en	16	static
shikhara_mipi_dsi_hal.c:206:6:mipi_dsih_hal_gen_crc_rx_en	16	static
shikhara_mipi_dsi_hal.c:211:14:mipi_dsih_hal_dpi_video_packet_size	16	static
shikhara_mipi_dsi_hal.c:223:14:mipi_dsih_hal_dpi_chunks_no	16	static
shikhara_mipi_dsi_hal.c:234:14:mipi_dsih_hal_dpi_null_packet_size	16	static
shikhara_mipi_dsi_hal.c:247:6:mipi_dsih_hal_cmd_ack_en	16	static
shikhara_mipi_dsi_hal.c:252:14:mipi_dsih_hal_dcs_rd_tx_type	16	static
shikhara_mipi_dsi_hal.c:271:14:mipi_dsih_hal_dcs_wr_tx_type	16	static
shikhara_mipi_dsi_hal.c:288:14:mipi_dsih_hal_gen_wr_tx_type	16	static
shikhara_mipi_dsi_hal.c:309:14:mipi_dsih_hal_gen_rd_tx_type	16	static
shikhara_mipi_dsi_hal.c:336:6:mipi_dsih_hal_max_rd_size_tx_type	16	static
shikhara_mipi_dsi_hal.c:341:6:mipi_dsih_hal_dpi_hline	16	static
shikhara_mipi_dsi_hal.c:346:6:mipi_dsih_hal_dpi_hbp	16	static
shikhara_mipi_dsi_hal.c:351:6:mipi_dsih_hal_dpi_hsa	16	static
shikhara_mipi_dsi_hal.c:356:6:mipi_dsih_hal_dpi_vactive	16	static
shikhara_mipi_dsi_hal.c:361:6:mipi_dsih_hal_dpi_vfp	16	static
shikhara_mipi_dsi_hal.c:366:6:mipi_dsih_hal_dpi_vbp	16	static
shikhara_mipi_dsi_hal.c:371:6:mipi_dsih_hal_dpi_vsync	16	static
shikhara_mipi_dsi_hal.c:376:14:mipi_dsih_phy_lp2hs_config	16	static
shikhara_mipi_dsi_hal.c:382:14:mipi_dsih_phy_clk_hs2lp_config	16	static
shikhara_mipi_dsi_hal.c:388:10:mipi_dsih_hal_int_status_0	8	static
shikhara_mipi_dsi_hal.c:393:10:mipi_dsih_hal_int_status_1	8	static
shikhara_mipi_dsi_hal.c:398:6:mipi_dsih_hal_int_mask_0	0	static
shikhara_mipi_dsi_hal.c:403:6:mipi_dsih_hal_int_mask_1	0	static
shikhara_mipi_dsi_hal.c:408:6:mipi_dsih_hal_dpi_video_mode_en	16	static
shikhara_mipi_dsi_hal.c:413:14:mipi_dsih_phy_bta_time	16	static
shikhara_mipi_dsi_hal.c:425:6:mipi_dsih_hal_gen_rd_vc	16	static
shikhara_mipi_dsi_hal.c:430:6:mipi_dsih_hal_dpi_lp_cmd_en	16	static
shikhara_mipi_dsi_hal.c:435:6:mipi_dsih_hal_dpi_frame_ack_en	16	static
shikhara_mipi_dsi_hal.c:440:14:mipi_dsih_phy_hs2lp_config	16	static
shikhara_mipi_dsi_hal.c:446:14:mipi_dsih_phy_clk_lp2hs_config	16	static
shikhara_mipi_dsi_hal.c:453:14:mipi_dsih_hal_dpi_video_mode_type	16	static
shikhara_mipi_dsi_hal.c:469:6:mipi_dsih_hal_dpi_null_packet_en	0	static
shikhara_mipi_dsi_hal.c:472:6:mipi_dsih_hal_dpi_multi_packet_en	0	static
shikhara_mipi_dsi_hal.c:477:6:mipi_dsih_dphy_reset	16	static
shikhara_mipi_dsi_hal.c:482:6:mipi_dsih_dphy_stop_wait_time	16	static
shikhara_mipi_dsi_hal.c:487:6:mipi_dsih_dphy_no_of_lanes	16	static
shikhara_mipi_dsi_hal.c:491:6:mipi_dsih_dphy_clock_en	16	static
shikhara_mipi_dsi_hal.c:495:6:mipi_dsih_dphy_shutdown	16	static
shikhara_mipi_dsi_hal.c:500:6:mipi_dsih_dphy_enable_hs_clk	16	static
shikhara_mipi_dsi_hal.c:504:6:mipi_dsih_dphy_txrequestclkhs	16	static
shikhara_mipi_dsi_hal.c:509:6:gen_write_cmd	0	static
shikhara_mipi_dsi_hal.c:518:5:gen_read_data	8	static
shikhara_mipi_dsi_hal.c:527:6:gen_write_data	0	static
shikhara_mipi_dsi_hal.c:533:6:TC358768_DCS_write_1A_1P	0	static
shikhara_mipi_dsi_hal.c:543:6:TC358768_DCS_write_1A_0P	0	static
shikhara_mipi_dsi_hal.c:555:6:mipi_lcd_init	8	static
shikhara_mipi_dsi_hal.c:890:6:mipi_lcd_color_pixel	16	static
shikhara_mipi_dsi_hal.c:916:6:mipi_lcd_color_bar	24	static
shikhara_mipi_dsi_hal.c:968:6:do_dsi_color_pattern	8	static
shikhara_mipi_dsi_hal.c:1010:5:dsi_display_bitmap_custom	40	static
