shikhara_mipi_csi.c:159:6:Set_pixel_format	0	static
shikhara_mipi_csi.c:178:6:csi_enable	0	static
shikhara_mipi_csi.c:193:5:clkdatastopstatecheck	8	static
shikhara_mipi_csi.c:214:5:shikhara_mipi_csi_platform_init	8	static
shikhara_mipi_csi.c:351:4:mipi_csi_get_on_lanes	0	static
shikhara_mipi_csi.c:362:4:mipi_csi_set_on_lanes	0	static
shikhara_mipi_csi.c:372:4:mipi_csi_reset_controller	0	static
shikhara_mipi_csi.c:394:4:mipi_csi_event_enable	8	static
shikhara_mipi_csi.c:416:4:mipi_csi_event_disable	8	static
shikhara_mipi_csi.c:438:5:mipi_csi_event_get_source	8	static
shikhara_mipi_csi.c:458:4:mipi_csi_shut_down_phy	0	static
shikhara_mipi_csi.c:470:4:mipi_csi_reset_phy	0	static
shikhara_mipi_csi.c:486:4:mipi_csi_close	8	static
shikhara_mipi_csi.c:225:4:mipi_csi_init	16	static
shikhara_mipi_csi.c:504:4:mipi_csi_write	0	static
shikhara_mipi_csi.c:510:4:mipi_csi_core_write_part	0	static
shikhara_mipi_csi.c:519:5:mipi_csi_core_read_part	0	static
shikhara_mipi_csi.c:524:5:mipi_csi_read	0	static
