audioParams.c:11:6:audioParams_Reset	0	static
audioParams.c:35:5:audioParams_GetChannelAllocation	0	static
audioParams.c:40:6:audioParams_SetChannelAllocation	0	static
audioParams.c:45:5:audioParams_GetCodingType	0	static
audioParams.c:50:6:audioParams_SetCodingType	0	static
audioParams.c:55:5:audioParams_GetDownMixInhibitFlag	0	static
audioParams.c:60:6:audioParams_SetDownMixInhibitFlag	0	static
audioParams.c:65:5:audioParams_GetIecCategoryCode	0	static
audioParams.c:70:6:audioParams_SetIecCategoryCode	0	static
audioParams.c:75:5:audioParams_GetIecCgmsA	0	static
audioParams.c:80:6:audioParams_SetIecCgmsA	0	static
audioParams.c:85:5:audioParams_GetIecClockAccuracy	0	static
audioParams.c:90:6:audioParams_SetIecClockAccuracy	0	static
audioParams.c:95:5:audioParams_GetIecCopyright	0	static
audioParams.c:100:6:audioParams_SetIecCopyright	0	static
audioParams.c:105:5:audioParams_GetIecPcmMode	0	static
audioParams.c:110:6:audioParams_SetIecPcmMode	0	static
audioParams.c:115:5:audioParams_GetIecSourceNumber	0	static
audioParams.c:120:6:audioParams_SetIecSourceNumber	0	static
audioParams.c:125:18:audioParams_GetInterfaceType	0	static
audioParams.c:130:6:audioParams_SetInterfaceType	0	static
audioParams.c:135:5:audioParams_GetLevelShiftValue	0	static
audioParams.c:140:6:audioParams_SetLevelShiftValue	0	static
audioParams.c:145:6:audioParams_GetOriginalSamplingFrequency	0	static
audioParams.c:150:6:audioParams_SetOriginalSamplingFrequency	0	static
audioParams.c:155:5:audioParams_GetSampleSize	0	static
audioParams.c:160:6:audioParams_SetSampleSize	0	static
audioParams.c:165:6:audioParams_GetSamplingFrequency	0	static
audioParams.c:170:6:audioParams_SetSamplingFrequency	0	static
audioParams.c:175:6:audioParams_AudioClock	0	static
audioParams.c:180:5:audioParams_ChannelCount	0	static
audioParams.c:228:5:audioParams_IecOriginalSamplingFrequency	0	static
audioParams.c:264:5:audioParams_IecSamplingFrequency	0	static
audioParams.c:294:5:audioParams_IecWordLength	0	static
audioParams.c:322:5:audioParams_IsLinearPCM	0	static
audioParams.c:327:10:audioParams_GetPacketType	0	static
audioParams.c:332:6:audioParams_SetPacketType	0	static
audioParams.c:337:4:audioParams_IsChannelEn	0	static
audioParams.c:377:5:audioParams_GetClockFsFactor	0	static
audioParams.c:382:6:audioParams_SetClockFsFactor	0	static
audioParams.c:387:16:audioParams_GetDmaBeatIncrement	0	static
audioParams.c:392:6:audioParams_SetDmaBeatIncrement	0	static
audioParams.c:397:6:audioParams_SetDmaThreshold	0	static
audioParams.c:402:4:audioParams_GetDmaThreshold	0	static
audioParams.c:407:4:audioParams_GetDmaHlock	0	static
audioParams.c:412:6:audioParams_SetDmaHlock	0	static
audioParams.c:417:6:audioParams_SetGpaSamplePacketInfoSource	0	static
audioParams.c:422:5:audioParams_GetGpaSamplePacketInfoSource	0	static
