control.c:21:5:control_Initialize	8	static
control.c:34:5:control_Configure	16	static
control.c:60:5:control_Standby	8	static
control.c:77:4:control_Design	8	static
control.c:83:4:control_Revision	8	static
control.c:89:4:control_ProductLine	8	static
control.c:95:4:control_ProductType	8	static
control.c:101:5:control_SupportsCore	8	static
control.c:110:5:control_SupportsHdcp	8	static
control.c:117:5:control_InterruptMute	16	static
control.c:123:5:control_InterruptCecClear	16	static
control.c:130:4:control_InterruptCecState	8	static
control.c:136:5:control_InterruptEdidClear	16	static
control.c:143:4:control_InterruptEdidState	8	static
control.c:149:5:control_InterruptPhyClear	16	static
control.c:156:4:control_InterruptPhyState	8	static
control.c:179:4:control_InterruptAudioDmaState	8	static
control.c:184:5:control_InterruptAudioDmaClear	16	static
control.c:191:5:control_InterruptClearAll	8	static
