halAudioGenerator.c:42:6:halAudioGenerator_SwReset	16	static
halAudioGenerator.c:49:6:halAudioGenerator_I2sMode	16	static
halAudioGenerator.c:55:6:halAudioGenerator_FreqIncrementLeft	16	static
halAudioGenerator.c:62:6:halAudioGenerator_FreqIncrementRight	16	static
halAudioGenerator.c:69:6:halAudioGenerator_IecCgmsA	16	static
halAudioGenerator.c:75:6:halAudioGenerator_IecCopyright	16	static
halAudioGenerator.c:81:6:halAudioGenerator_IecCategoryCode	16	static
halAudioGenerator.c:87:6:halAudioGenerator_IecPcmMode	16	static
halAudioGenerator.c:93:6:halAudioGenerator_IecSource	16	static
halAudioGenerator.c:99:6:halAudioGenerator_IecChannelRight	16	static
halAudioGenerator.c:123:6:halAudioGenerator_IecChannelLeft	16	static
halAudioGenerator.c:146:6:halAudioGenerator_IecClockAccuracy	16	static
halAudioGenerator.c:152:6:halAudioGenerator_IecSamplingFreq	16	static
halAudioGenerator.c:158:6:halAudioGenerator_IecOriginalSamplingFreq	16	static
halAudioGenerator.c:164:6:halAudioGenerator_IecWordLength	16	static
halAudioGenerator.c:170:6:halAudioGenerator_UserRight	16	static
halAudioGenerator.c:193:6:halAudioGenerator_UserLeft	16	static
halAudioGenerator.c:216:6:halAudioGenerator_SpdifTxData	16	static
halAudioGenerator.c:222:6:halAudioGenerator_HbrEnable	16	static
halAudioGenerator.c:228:6:halAudioGenerator_HbrDdrEnable	16	static
halAudioGenerator.c:234:6:halAudioGenerator_HbrDdrChannel	16	static
halAudioGenerator.c:240:6:halAudioGenerator_HbrBurstLength	16	static
halAudioGenerator.c:246:6:halAudioGenerator_HbrClockDivider	16	static
halAudioGenerator.c:254:6:halAudioGenerator_UseLookUpTable	0	static
halAudioGenerator.c:259:6:halAudioGenerator_GpaReplyLatency	0	static
halAudioGenerator.c:264:6:halAudioGenerator_ChannelSelect	16	static
halAudioGenerator.c:270:6:halAudioGenerator_GpaSampleValid	0	static
