halFrameComposerVideo.c:38:6:halFrameComposerVideo_HdcpKeepout	16	static
halFrameComposerVideo.c:44:6:halFrameComposerVideo_VSyncPolarity	16	static
halFrameComposerVideo.c:50:6:halFrameComposerVideo_HSyncPolarity	16	static
halFrameComposerVideo.c:56:6:halFrameComposerVideo_DataEnablePolarity	16	static
halFrameComposerVideo.c:62:6:halFrameComposerVideo_DviOrHdmi	16	static
halFrameComposerVideo.c:69:6:halFrameComposerVideo_VBlankOsc	16	static
halFrameComposerVideo.c:75:6:halFrameComposerVideo_Interlaced	16	static
halFrameComposerVideo.c:81:6:halFrameComposerVideo_HActive	16	static
halFrameComposerVideo.c:89:6:halFrameComposerVideo_HBlank	16	static
halFrameComposerVideo.c:97:6:halFrameComposerVideo_VActive	16	static
halFrameComposerVideo.c:105:6:halFrameComposerVideo_VBlank	16	static
halFrameComposerVideo.c:112:6:halFrameComposerVideo_HSyncEdgeDelay	16	static
halFrameComposerVideo.c:120:6:halFrameComposerVideo_HSyncPulseWidth	16	static
halFrameComposerVideo.c:128:6:halFrameComposerVideo_VSyncEdgeDelay	16	static
halFrameComposerVideo.c:135:6:halFrameComposerVideo_VSyncPulseWidth	16	static
halFrameComposerVideo.c:141:6:halFrameComposerVideo_RefreshRate	16	static
halFrameComposerVideo.c:150:6:halFrameComposerVideo_ControlPeriodMinDuration	16	static
halFrameComposerVideo.c:156:6:halFrameComposerVideo_ExtendedControlPeriodMinDuration	16	static
halFrameComposerVideo.c:163:6:halFrameComposerVideo_ExtendedControlPeriodMaxSpacing	16	static
halFrameComposerVideo.c:170:6:halFrameComposerVideo_PreambleFilter	16	static
halFrameComposerVideo.c:184:6:halFrameComposerVideo_PixelRepetitionInput	16	static
