halInterrupt.c:26:4:halInterrupt_AudioPacketsState	8	static
halInterrupt.c:32:6:halInterrupt_AudioPacketsClear	16	static
halInterrupt.c:38:4:halInterrupt_OtherPacketsState	8	static
halInterrupt.c:44:6:halInterrupt_OtherPacketsClear	16	static
halInterrupt.c:50:4:halInterrupt_PacketsOverflowState	8	static
halInterrupt.c:56:6:halInterrupt_PacketsOverflowClear	16	static
halInterrupt.c:62:4:halInterrupt_AudioSamplerState	8	static
halInterrupt.c:68:6:halInterrupt_AudioSamplerClear	16	static
halInterrupt.c:74:4:halInterrupt_PhyState	8	static
halInterrupt.c:80:6:halInterrupt_PhyClear	16	static
halInterrupt.c:86:4:halInterrupt_I2cDdcState	8	static
halInterrupt.c:92:6:halInterrupt_I2cDdcClear	16	static
halInterrupt.c:98:4:halInterrupt_CecState	8	static
halInterrupt.c:104:6:halInterrupt_CecClear	16	static
halInterrupt.c:110:4:halInterrupt_VideoPacketizerState	8	static
halInterrupt.c:116:6:halInterrupt_VideoPacketizerClear	16	static
halInterrupt.c:122:4:halInterrupt_I2cPhyState	8	static
halInterrupt.c:128:6:halInterrupt_I2cPhyClear	16	static
halInterrupt.c:134:4:halInterrupt_AudioDmaState	8	static
halInterrupt.c:140:6:halInterrupt_AudioDmaClear	16	static
halInterrupt.c:146:4:halInterrupt_MuteI2cState	8	static
halInterrupt.c:152:6:halInterrupt_MuteI2cClear	16	static
halInterrupt.c:157:6:halInterrupt_Mute	16	static
