halMainController.c:21:6:halMainController_SfrClockDivision	16	static
halMainController.c:27:6:halMainController_HdcpClockGate	16	static
halMainController.c:33:6:halMainController_CecClockGate	16	static
halMainController.c:39:6:halMainController_ColorSpaceConverterClockGate	16	static
halMainController.c:45:6:halMainController_AudioSamplerClockGate	16	static
halMainController.c:51:6:halMainController_PixelRepetitionClockGate	16	static
halMainController.c:57:6:halMainController_TmdsClockGate	16	static
halMainController.c:63:6:halMainController_PixelClockGate	16	static
halMainController.c:69:6:halMainController_CecClockReset	16	static
halMainController.c:75:6:halMainController_AudioGpaReset	16	static
halMainController.c:81:6:halMainController_AudioHbrReset	16	static
halMainController.c:87:6:halMainController_AudioSpdifReset	16	static
halMainController.c:93:6:halMainController_AudioI2sReset	16	static
halMainController.c:99:6:halMainController_PixelRepetitionClockReset	16	static
halMainController.c:105:6:halMainController_TmdsClockReset	16	static
halMainController.c:111:6:halMainController_PixelClockReset	16	static
halMainController.c:117:6:halMainController_VideoFeedThroughOff	16	static
halMainController.c:123:6:halMainController_PhyReset	16	static
halMainController.c:130:6:halMainController_HeacPhyReset	16	static
halMainController.c:137:4:halMainController_LockOnClockStatus	16	static
halMainController.c:143:6:halMainController_LockOnClockClear	16	static
