halVideoGenerator.c:39:6:halVideoGenerator_SwReset	16	static
halVideoGenerator.c:46:6:halVideoGenerator_Ycc	16	static
halVideoGenerator.c:52:6:halVideoGenerator_Ycc422	16	static
halVideoGenerator.c:58:6:halVideoGenerator_VBlankOsc	16	static
halVideoGenerator.c:64:6:halVideoGenerator_ColorIncrement	16	static
halVideoGenerator.c:70:6:halVideoGenerator_Interlaced	16	static
halVideoGenerator.c:76:6:halVideoGenerator_VSyncPolarity	16	static
halVideoGenerator.c:82:6:halVideoGenerator_HSyncPolarity	16	static
halVideoGenerator.c:88:6:halVideoGenerator_DataEnablePolarity	16	static
halVideoGenerator.c:94:6:halVideoGenerator_ColorResolution	16	static
halVideoGenerator.c:100:6:halVideoGenerator_PixelRepetitionInput	16	static
halVideoGenerator.c:106:6:halVideoGenerator_HActive	16	static
halVideoGenerator.c:114:6:halVideoGenerator_HBlank	16	static
halVideoGenerator.c:122:6:halVideoGenerator_HSyncEdgeDelay	16	static
halVideoGenerator.c:130:6:halVideoGenerator_HSyncPulseWidth	16	static
halVideoGenerator.c:138:6:halVideoGenerator_VActive	16	static
halVideoGenerator.c:146:6:halVideoGenerator_VBlank	16	static
halVideoGenerator.c:153:6:halVideoGenerator_VSyncEdgeDelay	16	static
halVideoGenerator.c:160:6:halVideoGenerator_VSyncPulseWidth	16	static
halVideoGenerator.c:167:6:halVideoGenerator_Enable3D	16	static
halVideoGenerator.c:173:6:halVideoGenerator_Structure3D	16	static
halVideoGenerator.c:179:6:halVideoGenerator_WriteStart	16	static
halVideoGenerator.c:189:6:halVideoGenerator_WriteData	16	static
halVideoGenerator.c:195:5:halVideoGenerator_WriteCurrentAddr	16	static
halVideoGenerator.c:203:4:halVideoGenerator_WriteCurrentByte	8	static
