videoParams.c:10:6:videoParams_Reset	0	static
videoParams.c:36:4:videoParams_GetActiveFormatAspectRatio	0	static
videoParams.c:41:4:videoParams_GetColorimetry	0	static
videoParams.c:46:4:videoParams_GetColorResolution	0	static
videoParams.c:51:4:videoParams_GetCscFilter	0	static
videoParams.c:56:8:videoParams_GetDtd	0	static
videoParams.c:61:12:videoParams_GetEncodingIn	0	static
videoParams.c:66:12:videoParams_GetEncodingOut	0	static
videoParams.c:71:5:videoParams_GetEndLeftBar	0	static
videoParams.c:76:5:videoParams_GetEndTopBar	0	static
videoParams.c:81:4:videoParams_GetExtColorimetry	0	static
videoParams.c:86:4:videoParams_GetHdmi	0	static
videoParams.c:91:4:videoParams_GetItContent	0	static
videoParams.c:96:4:videoParams_GetNonUniformScaling	0	static
videoParams.c:101:4:videoParams_GetPixelPackingDefaultPhase	0	static
videoParams.c:106:4:videoParams_GetPixelRepetitionFactor	0	static
videoParams.c:111:4:videoParams_GetRgbQuantizationRange	0	static
videoParams.c:116:4:videoParams_GetScanInfo	0	static
videoParams.c:121:5:videoParams_GetStartBottomBar	0	static
videoParams.c:126:5:videoParams_GetStartRightBar	0	static
videoParams.c:131:5:videoParams_GetCscScale	0	static
videoParams.c:136:6:videoParams_SetActiveFormatAspectRatio	0	static
videoParams.c:141:6:videoParams_SetColorimetry	0	static
videoParams.c:146:6:videoParams_SetColorResolution	0	static
videoParams.c:151:6:videoParams_SetCscFilter	0	static
videoParams.c:156:6:videoParams_SetDtd	8	static
videoParams.c:161:6:videoParams_SetEncodingIn	0	static
videoParams.c:166:6:videoParams_SetEncodingOut	0	static
videoParams.c:171:6:videoParams_SetEndLeftBar	0	static
videoParams.c:176:6:videoParams_SetEndTopBar	0	static
videoParams.c:181:6:videoParams_SetExtColorimetry	0	static
videoParams.c:186:6:videoParams_SetHdmi	0	static
videoParams.c:191:6:videoParams_SetItContent	0	static
videoParams.c:196:6:videoParams_SetNonUniformScaling	0	static
videoParams.c:201:6:videoParams_SetPixelPackingDefaultPhase	0	static
videoParams.c:206:6:videoParams_SetPixelRepetitionFactor	0	static
videoParams.c:211:6:videoParams_SetRgbQuantizationRange	0	static
videoParams.c:216:6:videoParams_SetScanInfo	0	static
videoParams.c:221:6:videoParams_SetStartBottomBar	0	static
videoParams.c:226:6:videoParams_SetStartRightBar	0	static
videoParams.c:237:6:videoParams_SetCscA	0	static
videoParams.c:252:6:videoParams_SetCscB	0	static
videoParams.c:267:6:videoParams_SetCscC	0	static
videoParams.c:276:6:videoParams_SetCscScale	0	static
videoParams.c:282:5:videoParams_GetPixelClock	0	static
videoParams.c:295:10:videoParams_GetRatioClock	0	static
videoParams.c:288:5:videoParams_GetTmdsClock	16	static
videoParams.c:321:5:videoParams_IsColorSpaceConversion	0	static
videoParams.c:326:5:videoParams_IsColorSpaceDecimation	0	static
videoParams.c:332:5:videoParams_IsColorSpaceInterpolation	0	static
videoParams.c:338:5:videoParams_IsPixelRepetition	8	static
videoParams.c:343:4:videoParams_GetHdmiVideoFormat	0	static
videoParams.c:348:6:videoParams_SetHdmiVideoFormat	0	static
videoParams.c:353:4:videoParams_Get3dStructure	0	static
videoParams.c:358:6:videoParams_Set3dStructure	0	static
videoParams.c:363:4:videoParams_Get3dExtData	0	static
videoParams.c:368:6:videoParams_Set3dExtData	0	static
videoParams.c:373:4:videoParams_GetHdmiVic	0	static
videoParams.c:378:6:videoParams_SetHdmiVic	0	static
videoParams.c:383:6:videoParams_UpdateCscCoefficients	0	static
videoParams.c:261:7:videoParams_GetCscC	8	static
videoParams.c:246:7:videoParams_GetCscB	8	static
videoParams.c:231:7:videoParams_GetCscA	8	static
