halHdcp.c:30:6:halHdcp_DeviceMode	16	static
halHdcp.c:36:6:halHdcp_EnableFeature11	16	static
halHdcp.c:42:6:halHdcp_RxDetected	16	static
halHdcp.c:48:6:halHdcp_EnableAvmute	16	static
halHdcp.c:54:6:halHdcp_RiCheck	16	static
halHdcp.c:60:6:halHdcp_BypassEncryption	16	static
halHdcp.c:66:6:halHdcp_EnableI2cFastMode	16	static
halHdcp.c:72:6:halHdcp_EnhancedLinkVerification	16	static
halHdcp.c:78:6:halHdcp_SwReset	8	static
halHdcp.c:85:6:halHdcp_DisableEncryption	16	static
halHdcp.c:91:6:halHdcp_EncodingPacketHeader	16	static
halHdcp.c:97:6:halHdcp_DisableKsvListCheck	16	static
halHdcp.c:103:4:halHdcp_HdcpEngaged	8	static
halHdcp.c:109:4:halHdcp_AuthenticationState	8	static
halHdcp.c:115:4:halHdcp_CipherState	8	static
halHdcp.c:121:4:halHdcp_RevocationState	8	static
halHdcp.c:127:4:halHdcp_OessState	8	static
halHdcp.c:133:4:halHdcp_EessState	8	static
halHdcp.c:140:4:halHdcp_DebugInfo	8	static
halHdcp.c:146:6:halHdcp_InterruptClear	16	static
halHdcp.c:152:4:halHdcp_InterruptStatus	8	static
halHdcp.c:158:6:halHdcp_InterruptMask	16	static
halHdcp.c:164:6:halHdcp_HSyncPolarity	16	static
halHdcp.c:170:6:halHdcp_VSyncPolarity	16	static
halHdcp.c:176:6:halHdcp_DataEnablePolarity	16	static
halHdcp.c:182:6:halHdcp_UnencryptedVideoColor	16	static
halHdcp.c:188:6:halHdcp_OessWindowSize	16	static
halHdcp.c:194:5:halHdcp_CoreVersion	16	static
halHdcp.c:203:6:halHdcp_MemoryAccessRequest	16	static
halHdcp.c:209:4:halHdcp_MemoryAccessGranted	8	static
halHdcp.c:215:6:halHdcp_UpdateKsvListState	16	static
halHdcp.c:223:4:halHdcp_KsvListRead	16	static
halHdcp.c:233:6:halHdcp_RevocListWrite	16	static
