hdcpVerify.c:16:6:sha_Reset	0	static
hdcpVerify.c:90:6:sha_ProcessBlock	368	static
hdcpVerify.c:47:6:sha_Input	16	static
hdcpVerify.c:159:6:sha_PadMessage	8	static
hdcpVerify.c:33:5:sha_Result	16	static
hdcpVerify.c:333:5:hdcpVerify_ArrayADD	16	static
hdcpVerify.c:346:5:hdcpVerify_ArrayCMP	0	static
hdcpVerify.c:363:6:hdcpVerify_ArrayCPY	0	static
hdcpVerify.c:394:5:hdcpVerify_ArrayMAC	12	static
hdcpVerify.c:434:6:hdcpVerify_ArraySET	0	static
hdcpVerify.c:407:5:hdcpVerify_ArrayMUL	24	static
hdcpVerify.c:443:5:hdcpVerify_ArraySUB	12	static
hdcpVerify.c:456:6:hdcpVerify_ArraySWP	8	static
hdcpVerify.c:467:5:hdcpVerify_ArrayTST	0	static
hdcpVerify.c:372:5:hdcpVerify_ArrayDIV	32	static
hdcpVerify.c:600:5:3	688	static
hdcpVerify.c:507:5:hdcpVerify_ComputeINV	200	static
hdcpVerify.c:575:5:hdcpVerify_ComputeMOD	440	static
hdcpVerify.c:600:5:hdcpVerify_ComputeMUL	8	static
hdcpVerify.c:480:5:hdcpVerify_ComputeEXP	40	static
hdcpVerify.c:202:5:hdcpVerify_DSA	664	static
hdcpVerify.c:631:5:hdcpVerify_KSV	120	static
hdcpVerify.c:661:5:hdcpVerify_SRM	16	static
