cmd_usbmintest.c:803:1:usb3_set_maxpacket_ep	8	static
cmd_usbmintest.c:830:12:usb_set_maxpacket	24	static
cmd_usbmintest.c:3059:12:xhci_check_ownership	0	static
cmd_usbmintest.c:1904:12:handshake	24	static
cmd_usbmintest.c:2253:14:11	0	static
cmd_usbmintest.c:841:12:15	40	static
cmd_usbmintest.c:2135:33:17	16	static
cmd_usbmintest.c:2154:12:2	0	static
cmd_usbmintest.c:2193:12:queue_command	32	static
cmd_usbmintest.c:794:5:usb3_maxpacket	0	static
cmd_usbmintest.c:1147:20:usb3_get_dev_index	0	static
cmd_usbmintest.c:1155:20:usb3_alloc_new_device	8	static
cmd_usbmintest.c:1172:7:usb3_get_class_desc	0	static
cmd_usbmintest.c:1476:6:usb3_hub_reset	0	static
cmd_usbmintest.c:1795:14:xhci3_getalignedlength	0	static
cmd_usbmintest.c:1819:6:xhci3_ring_free	24	static
cmd_usbmintest.c:1849:5:xhci3_free_virt_device	24	static
cmd_usbmintest.c:1887:6:xhci3_cleanup	8	static
cmd_usbmintest.c:1897:7:xhci3_malloc	16	static
cmd_usbmintest.c:1986:29:xhci_segment_alloc	8	static
cmd_usbmintest.c:2037:26:xhci_ring_alloc	24	static
cmd_usbmintest.c:2908:35:xhci_alloc_container_ctx	16	static
cmd_usbmintest.c:1923:6:xhci3_quiesce	0	static
cmd_usbmintest.c:1939:5:xhci3_halt	8	static
cmd_usbmintest.c:1964:5:xhci3_reset	8	static
cmd_usbmintest.c:2213:6:xhci3_ring_cmd_db	0	static
cmd_usbmintest.c:2220:6:xhci3_ring_ep_doorbell	0	static
cmd_usbmintest.c:2228:15:trb3_addr	0	static
cmd_usbmintest.c:3015:12:xhci_handle_event	32	static
cmd_usbmintest.c:2253:14:xhci3_get_ep_index	0	static
cmd_usbmintest.c:2291:21:xhci3_get_ep_ctx	0	static
cmd_usbmintest.c:2362:5:xhci3_queue_configure_endpoint	24	static
cmd_usbmintest.c:2380:5:xhci3_queue_evaluate_context	24	static
cmd_usbmintest.c:2515:5:xhci3_queue_ctrl_tx	56	static
cmd_usbmintest.c:2622:5:xhci3_submit_async	32	static
cmd_usbmintest.c:2689:5:xhci3_port_state_to_neutral	0	static
cmd_usbmintest.c:2929:32:xhci3_get_input_control_ctx	8	static
cmd_usbmintest.c:2935:23:xhci3_get_slot_ctx	0	static
cmd_usbmintest.c:3073:5:xhci3_poll	0	static
cmd_usbmintest.c:3078:5:xhci3_queue_slot_control	24	static
cmd_usbmintest.c:3091:5:xhci3_alloc_virt_device	24	static
cmd_usbmintest.c:3132:6:xhci3_endpoint_copy	24	static
cmd_usbmintest.c:3147:6:xhci3_slot_copy	16	static
cmd_usbmintest.c:3162:5:xhci3_queue_address_device	24	static
cmd_usbmintest.c:3176:6:xhci3_copy_ep0_dequeue_into_input_ctx	16	static
cmd_usbmintest.c:3188:5:xhci3_setup_addressable_virt_dev	16	static
cmd_usbmintest.c:3255:6:xhci3_poll_and_HandleEvent	24	static
cmd_usbmintest.c:3292:5:xhci3_address_device	24	static
cmd_usbmintest.c:3352:5:xhci3_alloc_dev	16	static
cmd_usbmintest.c:2722:5:xhci3_submit_root	64	static
cmd_usbmintest.c:3368:1:submit3_control_msg	40	static
cmd_usbmintest.c:759:5:usb3_control_msg	88	static
cmd_usbmintest.c:1431:12:usb_get_hub_descriptor	32	static
cmd_usbmintest.c:1455:12:usb_get_port_status	32	static
cmd_usbmintest.c:1443:12:usb_set_port_feature	32	static
cmd_usbmintest.c:1462:13:usb_hub_power_on	16	static
cmd_usbmintest.c:1437:12:usb_clear_port_feature	32	static
cmd_usbmintest.c:1492:5:hub3_port_reset	104	static
cmd_usbmintest.c:960:12:usb_set_address	32	static
cmd_usbmintest.c:924:12:usb_get_descriptor	32	static
cmd_usbmintest.c:932:5:usb3_get_configuration_no	32	static
cmd_usbmintest.c:995:12:usb_set_configuration	32	static
cmd_usbmintest.c:1035:12:usb_get_string	56	static
cmd_usbmintest.c:1076:12:usb_string_sub	32	static
cmd_usbmintest.c:1104:5:usb3_string	568	static
cmd_usbmintest.c:1052:5:usb3_alloc_dev	32	static
cmd_usbmintest.c:1190:5:usb_new_dev	584	static
cmd_usbmintest.c:1530:6:usb3_hub_port_connect_change	96	static
cmd_usbmintest.c:1576:12:usb_hub_configure	664	static
cmd_usbmintest.c:1695:5:usb3_hub_probe	0	static
cmd_usbmintest.c:1303:5:usb3_new_device	576	static
cmd_usbmintest.c:1028:5:usb3_get_class_descriptor	32	static
cmd_usbmintest.c:1021:5:usb3_get_report	32	static
cmd_usbmintest.c:1015:5:usb3_set_idle	32	static
cmd_usbmintest.c:1010:5:usb3_set_protocol	32	static
cmd_usbmintest.c:968:5:usb3_set_interface	40	static
cmd_usbmintest.c:908:5:usb3_clear_halt	48	static
cmd_usbmintest.c:3403:5:xhci3_mem_init	48	static
cmd_usbmintest.c:3487:5:xhci3_hcd_init	0	static
cmd_usbmintest.c:3511:5:usb3_lowlevel_init	24	static
cmd_usbmintest.c:722:5:usb3_init	40	static
cmd_usbmintest.c:3606:5:do_usbmintest	8	static
cmd_usbmintest.c:3583:5:usb3_lowlevel_stop	8	static
cmd_usbmintest.c:746:5:usb3_stop	0	static
