halSourcePhy.c:20:6:halSourcePhy_PowerDown	16	static
halSourcePhy.c:26:6:halSourcePhy_EnableTMDS	16	static
halSourcePhy.c:32:6:halSourcePhy_Gen2PDDQ	16	static
halSourcePhy.c:38:6:halSourcePhy_Gen2TxPowerOn	16	static
halSourcePhy.c:44:6:halSourcePhy_Gen2EnHpdRxSense	16	static
halSourcePhy.c:50:6:halSourcePhy_DataEnablePolarity	16	static
halSourcePhy.c:56:6:halSourcePhy_InterfaceControl	16	static
halSourcePhy.c:62:6:halSourcePhy_TestClear	16	static
halSourcePhy.c:68:6:halSourcePhy_TestEnable	16	static
halSourcePhy.c:74:6:halSourcePhy_TestClock	16	static
halSourcePhy.c:80:6:halSourcePhy_TestDataIn	16	static
halSourcePhy.c:86:4:halSourcePhy_TestDataOut	8	static
halSourcePhy.c:92:4:halSourcePhy_PhaseLockLoopState	8	static
halSourcePhy.c:98:4:halSourcePhy_HotPlugState	8	static
halSourcePhy.c:104:6:halSourcePhy_InterruptMask	16	static
halSourcePhy.c:110:4:halSourcePhy_InterruptMaskStatus	16	static
halSourcePhy.c:116:6:halSourcePhy_InterruptPolarity	16	static
halSourcePhy.c:122:4:halSourcePhy_InterruptPolarityStatus	16	static
