Archive member included because of file (symbol)

/home/engineer/BSP/Shikhara-SOC/Shikhara_FW_Release_OCT_26_2017/firmware/uboot_single_binary/lib/gnss-fw/libgps.a(module1.o)
                              board/shikhara_anu/validation/libvalidation.o (GpsGlonassApplicationFunction)
/home/engineer/BSP/Shikhara-SOC/Shikhara_FW_Release_OCT_26_2017/firmware/uboot_single_binary/lib/gnss-fw/libgps.a(module2.o)
                              /home/engineer/BSP/Shikhara-SOC/Shikhara_FW_Release_OCT_26_2017/firmware/uboot_single_binary/lib/gnss-fw/libgps.a(module1.o) (Function57)
/home/engineer/BSP/Shikhara-SOC/Shikhara_FW_Release_OCT_26_2017/firmware/uboot_single_binary/lib/gnss-fw/libgps.a(module3.o)
                              /home/engineer/BSP/Shikhara-SOC/Shikhara_FW_Release_OCT_26_2017/firmware/uboot_single_binary/lib/gnss-fw/libgps.a(module1.o) (Function193)
/home/engineer/BSP/Shikhara-SOC/Shikhara_FW_Release_OCT_26_2017/firmware/uboot_single_binary/lib/gnss-fw/libgps.a(module10.o)
                              /home/engineer/BSP/Shikhara-SOC/Shikhara_FW_Release_OCT_26_2017/firmware/uboot_single_binary/lib/gnss-fw/libgps.a(module1.o) (Function318)
/home/engineer/BSP/Shikhara-SOC/Shikhara_FW_Release_OCT_26_2017/firmware/uboot_single_binary/lib/gnss-fw/libgps.a(module11.o)
                              /home/engineer/BSP/Shikhara-SOC/Shikhara_FW_Release_OCT_26_2017/firmware/uboot_single_binary/lib/gnss-fw/libgps.a(module1.o) (Variable235)
/home/engineer/BSP/Shikhara-SOC/Shikhara_FW_Release_OCT_26_2017/firmware/uboot_single_binary/lib/gnss-fw/libgps.a(module21.o)
                              /home/engineer/BSP/Shikhara-SOC/Shikhara_FW_Release_OCT_26_2017/firmware/uboot_single_binary/lib/gnss-fw/libgps.a(module1.o) (Function21)
/home/engineer/BSP/Shikhara-SOC/Shikhara_FW_Release_OCT_26_2017/firmware/uboot_single_binary/lib/gnss-fw/libgps.a(module23.o)
                              /home/engineer/BSP/Shikhara-SOC/Shikhara_FW_Release_OCT_26_2017/firmware/uboot_single_binary/lib/gnss-fw/libgps.a(module1.o) (Function68)
/home/engineer/BSP/Shikhara-SOC/Shikhara_FW_Release_OCT_26_2017/firmware/uboot_single_binary/lib/gnss-fw/libgps.a(module24.o)
                              board/shikhara_anu/validation/libvalidation.o (GpsGlonassTwoFiftymsecTask)
/home/engineer/BSP/Shikhara-SOC/Shikhara_FW_Release_OCT_26_2017/firmware/uboot_single_binary/lib/gnss-fw/libgps.a(module25.o)
                              /home/engineer/BSP/Shikhara-SOC/Shikhara_FW_Release_OCT_26_2017/firmware/uboot_single_binary/lib/gnss-fw/libgps.a(module1.o) (Function117)
/home/engineer/BSP/Shikhara-SOC/Shikhara_FW_Release_OCT_26_2017/firmware/uboot_single_binary/lib/gnss-fw/libgps.a(module26.o)
                              /home/engineer/BSP/Shikhara-SOC/Shikhara_FW_Release_OCT_26_2017/firmware/uboot_single_binary/lib/gnss-fw/libgps.a(module24.o) (Function122)
/home/engineer/BSP/Shikhara-SOC/Shikhara_FW_Release_OCT_26_2017/firmware/uboot_single_binary/lib/gnss-fw/libgps.a(module27.o)
                              /home/engineer/BSP/Shikhara-SOC/Shikhara_FW_Release_OCT_26_2017/firmware/uboot_single_binary/lib/gnss-fw/libgps.a(module1.o) (Function123)
/home/engineer/BSP/Shikhara-SOC/Shikhara_FW_Release_OCT_26_2017/firmware/uboot_single_binary/lib/gnss-fw/libgps.a(module28.o)
                              board/shikhara_anu/validation/libvalidation.o (TenMillisecondsTask)
/home/engineer/BSP/Shikhara-SOC/Shikhara_FW_Release_OCT_26_2017/firmware/uboot_single_binary/lib/gnss-fw/libgps.a(module29.o)
                              /home/engineer/BSP/Shikhara-SOC/Shikhara_FW_Release_OCT_26_2017/firmware/uboot_single_binary/lib/gnss-fw/libgps.a(module21.o) (Function141)
/home/engineer/BSP/Shikhara-SOC/Shikhara_FW_Release_OCT_26_2017/firmware/uboot_single_binary/lib/gnss-fw/libgps.a(module31.o)
                              board/shikhara_anu/validation/libvalidation.o (GetNmeaMsg)
/home/engineer/BSP/Shikhara-SOC/Shikhara_FW_Release_OCT_26_2017/firmware/uboot_single_binary/lib/gnss-fw/libgps.a(module41.o)
                              /home/engineer/BSP/Shikhara-SOC/Shikhara_FW_Release_OCT_26_2017/firmware/uboot_single_binary/lib/gnss-fw/libgps.a(module1.o) (Function331)
/home/engineer/BSP/Shikhara-SOC/Shikhara_FW_Release_OCT_26_2017/firmware/uboot_single_binary/lib/gnss-fw/libgps.a(module32.o)
                              /home/engineer/BSP/Shikhara-SOC/Shikhara_FW_Release_OCT_26_2017/firmware/uboot_single_binary/lib/gnss-fw/libgps.a(module1.o) (Function221)
/home/engineer/BSP/Shikhara-SOC/Shikhara_FW_Release_OCT_26_2017/firmware/uboot_single_binary/lib/gnss-fw/libgps.a(module33.o)
                              /home/engineer/BSP/Shikhara-SOC/Shikhara_FW_Release_OCT_26_2017/firmware/uboot_single_binary/lib/gnss-fw/libgps.a(module32.o) (Function228)
/home/engineer/BSP/Shikhara-SOC/Shikhara_FW_Release_OCT_26_2017/firmware/uboot_single_binary/lib/gnss-fw/libgps.a(module36.o)
[...]
Memory Configuration

Name             Origin             Length             Attributes
*default*        0x00000000         0xffffffff

Linker script and memory map

                0x00000000                . = 0x0
                0x00000000                . = ALIGN (0x4)

.text           0x3d000000    0x97898
                0x3d000000                __image_copy_start = .
 arch/arm/cpu/armv7/start.o(.text)
 .text          0x3d000000      0x500 arch/arm/cpu/armv7/start.o
                0x3d000000                _vectors_start
                0x3d000000                _start
                0x3d000040                _TEXT_BASE
                0x3d000040                _end_vect
                0x3d000044                _bss_start_ofs
                0x3d000048                _image_copy_end_ofs
                0x3d00004c                _bss_end_ofs
                0x3d000050                _end_ofs
                0x3d000054                IRQ_STACK_START
                0x3d000058                FIQ_STACK_START
                0x3d00005c                IRQ_STACK_START_IN
                0x3d000084                relocate_code
                0x3d000194                cpu_init_cp15
                0x3d000468                low_level_init
                0x3d0004c0                copy_vectors
 *(.text)
 .text          0x3d000500      0x204 arch/arm/cpu/armv7/libarmv7.o
                0x3d000500                load_uboot
                0x3d000698                invalidate_dcache_all
                0x3d00069c                flush_dcache_all
                0x3d0006a0                invalidate_dcache_range
                0x3d0006a4                flush_dcache_range
                0x3d0006a8                arm_init_before_mmu
                0x3d0006ac                flush_cache
                0x3d0006b0                invalidate_icache_all
                0x3d0006c8                v7_outer_cache_enable
                0x3d0006c8                __v7_outer_cache_enable
                0x3d0006cc                __v7_outer_cache_disable
                0x3d0006cc                v7_outer_cache_disable
                0x3d0006d0                __v7_outer_cache_flush_all
                0x3d0006d0                v7_outer_cache_flush_all
                0x3d0006d4                v7_outer_cache_inval_all
                0x3d0006d4                __v7_outer_cache_inval_all
                0x3d0006d8                __v7_outer_cache_flush_range
                0x3d0006d8                v7_outer_cache_flush_range
                0x3d0006dc                __v7_outer_cache_inval_range
                0x3d0006dc                v7_outer_cache_inval_range
                0x3d0006e0                cleanup_before_linux
 *fill*         0x3d000704       0x1c 00
 .text          0x3d000720      0xb84 arch/arm/lib/libarm.o
                0x3d000740                memset
                0x3d000800                memcpy
                0x3d000bf8                __coloured_LED_init
                0x3d000bf8                coloured_LED_init
                0x3d000bfc                red_led_on
                0x3d000bfc                __red_led_on
                0x3d000c00                __red_led_off
                0x3d000c00                red_led_off
                0x3d000c04                green_led_on
                0x3d000c04                __green_led_on
                0x3d000c08                green_led_off
                0x3d000c08                __green_led_off
                0x3d000c0c                __yellow_led_on
                0x3d000c0c                yellow_led_on
                0x3d000c10                yellow_led_off
                0x3d000c10                __yellow_led_off
                0x3d000c14                blue_led_on
                0x3d000c14                __blue_led_on
                0x3d000c18                __blue_led_off
                0x3d000c18                blue_led_off
                0x3d000c1c                __dram_init_banksize
                0x3d000c1c                dram_init_banksize
                0x3d000c38                board_init_r
                0x3d000cd4                hang
                0x3d000ce8                board_init_f
                0x3d000e2c                arch_lmb_reserve
                0x3d000e50                do_bootm_linux
                0x3d000efc                interrupt_init
                0x3d000f40                enable_interrupts
                0x3d000f50                disable_interrupts
                0x3d000f68                call_wfi
                0x3d000f74                bad_mode
                0x3d000f84                show_regs
                0x3d0010c0                do_undefined_instruction
                0x3d0010e0                do_software_interrupt
                0x3d001100                do_prefetch_abort
                0x3d001120                do_data_abort
                0x3d001140                do_not_used
                0x3d001160                do_fiq
                0x3d001180                irq_handler
                0x3d0011c4                do_irq
                0x3d0011c8                interrupt_handler_set
                0x3d0011dc                do_reset
                0x3d001248                __arm_init_before_mmu
                0x3d00124c                icache_enable
                0x3d001264                icache_disable
                0x3d00127c                icache_status
                0x3d001288                dcache_enable
                0x3d00128c                dcache_disable
                0x3d001290                dcache_status
                0x3d001298                __enable_caches
                0x3d001298                enable_caches
 *fill*         0x3d0012a4       0x1c 00
 .text          0x3d0012c0     0xc420 board/shikhara_anu/validation/libvalidation.o
                0x3d0012c0                do_kmi_dump
                0x3d001330                gic_check_irq1
                0x3d001350                apKMI_GetData
                0x3d0013a0                apKMI_GetKey
                0x3d001474                keyboard_init
                0x3d00152c                keyboard_read
                0x3d001578                apKMI_TEST
                0x3d001598                do_apkybd
                0x3d0015cc                kmi_post
                0x3d001608                gic_check_irq
                0x3d001628                apMOUSE_GetData
                0x3d001658                apMOUSE_GetString
                0x3d0016b0                apMOUSE_GetXYB
                0x3d001740                mouse_init
                0x3d0018c4                mouse_read
                0x3d001960                apMOUSE_TEST
                0x3d0019b0                do_apmouse
                0x3d0019e0                ipc_av417_handler
                0x3d001a30                do_arcipc
                0x3d001ad8                do_capture_frame_save
                0x3d001ca8                my_touch_read
                0x3d001d28                preview_on_clcd_atp
                0x3d001ddc                do_atp_function
                0x3d001e98                do_av417enable
                0x3d001ec4                do_av417reset
                0x3d001fa4                lcd_display_bitmap_slideshow
                0x3d002410                flip_to_new_fb
                0x3d002424                preview_on_clcd
                0x3d0024c0                do_preview_on_lcd
                0x3d002504                ddr_test
                0x3d0025d0                do_ddr_test
                0x3d0025e0                shikara_dma_cb
                0x3d002614                do_dma_api_uart
                0x3d00287c                do_dma_m2m
                0x3d002b04                conversion_dsi
                0x3d002b54                do_preview_on_dsi
                0x3d002bb8                do_sysconfig_test
                0x3d002dc8                DT1_handler
                0x3d002e24                DT0_handler
                0x3d002eb4                do_dwmmcinfo
                0x3d00336c                do_dwmmc_1_blk_tx
                0x3d003878                do_dwmmc_1_blk_rx
                0x3d003e2c                dwmci_dumpregs_err
                0x3d003fe8                do_dwmmc_dump
                0x3d003ff8                do_gnss_test_buff
                0x3d0041f8                Init_GlobalData
                0x3d004240                gps_uart_init
                0x3d004274                gps_putc
                0x3d00429c                gps_uart_write
                0x3d0042e8                VerifyChecksum
                0x3d0043f0                do_gnss_test
                0x3d00463c                temp_hndler
                0x3d004664                do_intr_gnss_test
                0x3d0046dc                do_gpio_output_low
                0x3d004768                do_gpio_output_high
                0x3d0047f4                do_gpio_led
                0x3d0048c4                gpio_port_read
                0x3d0049a4                do_gpio_test_input
                0x3d004a18                do_gputest
                0x3d004a20                gpu_version
                0x3d004ac4                configure_audio
                0x3d004ec8                hdmi_post
                0x3d004f0c                conversion
                0x3d004f3c                do_preview_on_hdmi
                0x3d004f90                do_i2c_eeprom_test
                0x3d0050d4                i2c_mintest
                0x3d005170                do_i2c_mintest
                0x3d005238                i2c_post
                0x3d005270                do_i2cdump
                0x3d00537c                do_i2sdump
                0x3d005458                dmatest_ns
                0x3d0056b0                dmatest_sram
                0x3d005900                dmatest_secure
                0x3d005b5c                do_dmatest
                0x3d005c68                can_mininit
                0x3d005d80                do_mincan
                0x3d005da8                nand_post
                0x3d005f34                do_nand_mintest
                0x3d0062f0                do_nand_test
                0x3d0066f0                smc_nor_init
                0x3d006708                do_smc_nor_init
                0x3d006718                initbuff
                0x3d006758                nor_post
                0x3d006980                do_nortest
                0x3d006a20                do_camera_detect
                0x3d006ad8                OV5640_set_AE_target
                0x3d006b78                OV5640_get_light_frequency
                0x3d006bc4                OV5640_get_sysclk
                0x3d006c8c                OV5640_get_HTS
                0x3d006cb4                OV5640_get_VTS
                0x3d006cdc                OV5640_set_bandingfilter
                0x3d006da0                OV5640_stream_on
                0x3d006dac                OV5640_stream_off
                0x3d006db8                do_camera_init
                0x3d006f34                do_kmi_start
                0x3d006f50                do_i2c_start
                0x3d006fb8                do_can_start
                0x3d006fd8                do_flash_start
                0x3d006ffc                do_nor_start
                0x3d007018                do_nand_start
                0x3d007034                do_mmc_start
                0x3d007054                do_kbd_start
                0x3d007070                do_pmutest
                0x3d0070a4                do_post
                0x3d0076e4                do_reg
                0x3d007a2c                shikhara_serial_init
                0x3d007a84                shikhara_pl01x_putc
                0x3d007aa4                shikhara_pl01x_getc
                0x3d007ad4                uart_post
                0x3d007b58                do_loopback_test
                0x3d007c18                copy_cursor_background_color
                0x3d007c90                restore_cursor_background_color
                0x3d007e78                do_spi_dmamin
                0x3d00823c                apSSP_loopback
                0x3d0082a0                spitest_init
                0x3d0082dc                do_spi_loopback
                0x3d0082f0                apSSP_Wait
                0x3d008338                apSSP_flashID
                0x3d008420                spimintest_init
                0x3d00845c                do_spi_flashid
                0x3d008470                spi_mintest
                0x3d008480                spi_post
                0x3d008484                do_spidump
                0x3d0085ec                do_spislave
                0x3d008728                do_sram_init
                0x3d008730                sram_init
                0x3d008734                validation_sram_test
                0x3d008810                do_sram_test
                0x3d008820                do_touch
                0x3d0088ec                do_tzasc
                0x3d0089e4                tzasc_ns
                0x3d008a80                dual_dma_uart1
                0x3d008d38                do_loopdualdma
                0x3d008da8                temp_intr_hndler
                0x3d008dd8                do_intr_usb_test
                0x3d00940c                usb3_maxpacket
                0x3d009428                usb3_get_dev_index
                0x3d00944c                usb3_alloc_new_device
                0x3d0094d0                usb3_get_class_desc
                0x3d009548                usb3_hub_reset
                0x3d00955c                xhci3_getalignedlength
                0x3d00956c                xhci3_ring_free
                0x3d0095ec                xhci3_free_virt_device
                0x3d0096a4                xhci3_cleanup
                0x3d0096e8                xhci3_malloc
                0x3d009928                xhci3_quiesce
                0x3d009954                xhci3_halt
                0x3d009978                xhci3_reset
                0x3d0099d4                xhci3_ring_cmd_db
                0x3d0099ec                xhci3_ring_ep_doorbell
                0x3d009a00                trb3_addr
                0x3d009ca4                xhci3_get_ep_index
                0x3d009cc0                xhci3_get_ep_ctx
                0x3d009cf0                xhci3_queue_configure_endpoint
                0x3d009d20                xhci3_queue_evaluate_context
                0x3d009d50                xhci3_queue_ctrl_tx
                0x3d009fc4                xhci3_submit_async
                0x3d00a04c                xhci3_port_state_to_neutral
                0x3d00a05c                xhci3_get_input_control_ctx
                0x3d00a0a0                xhci3_get_slot_ctx
                0x3d00a0d4                xhci3_poll
                0x3d00a0d8                xhci3_queue_slot_control
                0x3d00a108                xhci3_alloc_virt_device
                0x3d00a1bc                xhci3_endpoint_copy
                0x3d00a210                xhci3_slot_copy
                0x3d00a254                xhci3_queue_address_device
                0x3d00a284                xhci3_copy_ep0_dequeue_into_input_ctx
                0x3d00a2cc                xhci3_setup_addressable_virt_dev
                0x3d00a42c                xhci3_poll_and_HandleEvent
                0x3d00a4cc                xhci3_address_device
                0x3d00a5e0                xhci3_alloc_dev
                0x3d00a640                xhci3_submit_root
                0x3d00ad0c                submit3_control_msg
                0x3d00add4                usb3_control_msg
                0x3d00b034                hub3_port_reset
                0x3d00b190                usb3_get_configuration_no
                0x3d00b414                usb3_string
                0x3d00b514                usb3_alloc_dev
                0x3d00b560                usb_new_dev
                0x3d00b820                usb3_hub_port_connect_change
                0x3d00bc00                usb3_hub_probe
                0x3d00bc58                usb3_new_device
                0x3d00bee0                usb3_get_class_descriptor
                0x3d00bf44                usb3_get_report
                0x3d00bfa8                usb3_set_idle
                0x3d00c004                usb3_set_protocol
                0x3d00c058                usb3_set_interface
                0x3d00c110                usb3_clear_halt
                0x3d00c1b8                xhci3_mem_init
                0x3d00c3d0                xhci3_hcd_init
                0x3d00c3f8                usb3_lowlevel_init
                0x3d00c5e4                usb3_init
                0x3d00c6e4                do_usbmintest
                0x3d00c72c                usb3_lowlevel_stop
                0x3d00c760                usb3_stop
                0x3d00c794                watchdog_test
                0x3d00c7cc                do_wdttest
                0x3d00cb9c                convert_yuvtorbg
                0x3d00d694                smc_switch
 .text          0x3d00d6e0    0x113dc common/libcommon.o
                0x3d00da84                gunzip_bmp
                0x3d00da8c                do_go_exec
                0x3d00daa4                do_go
                0x3d00dca0                do_bootd
                0x3d00dcc4                do_iminfo
                0x3d00e320                arch_preboot_os
                0x3d00e320                __arch_preboot_os
                0x3d00e324                do_bootm_subcommand
                0x3d00e560                do_bootm
                0x3d00e7ec                bootm_maybe_autostart
                0x3d00e860                do_can
                0x3d00eaf0                do_coninfo
                0x3d00eba8                do_lcd_dump
                0x3d00ecf0                clcd_poweron
                0x3d00ed24                clcd_power_off
                0x3d00ed4c                do_lcd_disable
                0x3d00ed50                clcd_init
                0x3d00ee78                do_lcd_enable
                0x3d00eeb4                lcd_color_pixel
                0x3d00ef1c                lcd_color_bar
                0x3d00f020                do_lcd_color_pattern
                0x3d00f1d0                lcd_display_bitmap_custom
                0x3d00f454                mk_date
                0x3d00f620                do_date
                0x3d00f754                eeprom_read
                0x3d00f7c8                eeprom_write
                0x3d00f83c                eeprom_probe
                0x3d00f848                eeprom_init
                0x3d00f854                do_eeprom
                0x3d00f96c                do_fat_fsinfo
                0x3d00fb80                do_fat_ls
                0x3d00fc88                do_fat_fsload
                0x3d0100bc                do_flinfo
                0x3d010124                flash_sect_roundb
                0x3d0102a4                flash_sect_erase
                0x3d010370                do_flerase
                0x3d010510                flash_sect_protect
                0x3d010620                do_protect
                0x3d01092c                do_help
                0x3d01123c                __def_i2c_init_board
                0x3d01123c                i2c_init_board
                0x3d011240                __def_i2c_get_bus_speed
                0x3d011248                __def_i2c_set_bus_speed
                0x3d0115e8                do_load_serial
                0x3d0116c4                send_pad
                0x3d0116f4                ktrans
                0x3d011718                chk1
                0x3d011744                s1_sendpacket
                0x3d01176c                send_ack
                0x3d0117c8                send_nack
                0x3d011824                k_data_init
                0x3d011844                k_data_save
                0x3d011868                k_data_restore
                0x3d01188c                k_data_char
                0x3d0118dc                handle_send_packet
                0x3d011abc                do_load_serial_bin
                0x3d011f54                do_mem_crc
                0x3d012000                do_mem_base
                0x3d012040                do_mem_mtest
                0x3d0121e0                do_mem_loop
                0x3d0122c8                do_mem_cmp
                0x3d012458                do_mem_cp
                0x3d012580                do_mem_mw
                0x3d012668                do_mem_md
                0x3d0128f4                do_mem_nm
                0x3d0128fc                do_mem_mm
                0x3d012904                do_mmcops
                0x3d012d24                do_mmcinfo
                0x3d013128                do_nand
                0x3d013b34                do_nandboot
                0x3d0140fc                do_env_save
                0x3d0141c8                do_env_print
                0x3d01424c                get_env_id
                0x3d01425c                _do_env_set
                0x3d0145c0                do_env_set
                0x3d0145e0                setenv
                0x3d014884                setenv_ulong
                0x3d0148a4                setenv_addr
                0x3d0148d8                envmatch
                0x3d014940                getenv_f
                0x3d014a00                getenv
                0x3d014a6c                getenv_ulong
                0x3d014a9c                do_env_edit
                0x3d0153c4                source
                0x3d015540                do_source
                0x3d015584                do_spi
                0x3d016734                do_fut
                0x3d016868                do_version
                0x3d0168a0                find_cmd_tbl
                0x3d016940                find_cmd
                0x3d016968                cmd_usage
                0x3d0169c4                _do_help
                0x3d016b3c                var_complete
                0x3d016bc0                cmd_auto_complete
                0x3d017058                cmd_get_data_size
                0x3d0170a8                cmd_process
                0x3d017244                serial_printf
                0x3d017290                fgetc
                0x3d0172e0                ftstc
                0x3d0172f4                fputc
                0x3d017300                fputs
                0x3d01730c                fprintf
                0x3d017360                getc
                0x3d017384                tstc
                0x3d0173a8                putc
                0x3d0173d0                puts
                0x3d0173f8                printf
                0x3d017444                vprintf
                0x3d017484                ctrlc
                0x3d0174d4                disable_ctrlc
                0x3d0174ec                had_ctrlc
                0x3d0174fc                clear_ctrlc
                0x3d017510                dbg
                0x3d01751c                search_device
                0x3d01754c                console_assign
                0x3d017608                console_init_f
                0x3d017618                stdio_print_current_devices
                0x3d0176c8                console_init_r
                0x3d017854                sbrk
                0x3d0178b8                mem_malloc_init
                0x3d0178dc                malloc_trim
                0x3d0179a0                free
                0x3d017bc4                cfree
                0x3d017bc8                malloc
                0x3d018184                calloc
                0x3d01825c                memalign
                0x3d018368                pvalloc
                0x3d018380                valloc
                0x3d01838c                realloc
                0x3d01879c                malloc_usable_size
                0x3d0187d8                mallopt
                0x3d018844                env_get_char_spec
                0x3d018850                env_get_addr
                0x3d018870                env_get_char_memory
                0x3d018880                env_get_char
                0x3d0188b0                set_default_env
                0x3d018950                env_import
                0x3d018a24                env_relocate
                0x3d018a54                env_complete
                0x3d018b2c                saveenv
                0x3d018c98                env_relocate_spec
                0x3d018d3c                env_init
                0x3d018d58                flash_protect
                0x3d018e38                addr2info
                0x3d018e80                flash_write
                0x3d018fd4                flash_perror
                0x3d0190c0                image_check_hcrc
                0x3d019110                image_check_dcrc
                0x3d01914c                image_multi_count
                0x3d01916c                image_multi_getimg
                0x3d0191f4                getenv_yesno
                0x3d01921c                getenv_bootm_low
                0x3d019244                getenv_bootm_size
                0x3d0192a0                getenv_bootm_mapsize
                0x3d0192d0                memmove_wd
                0x3d0192dc                genimg_print_size
                0x3d01930c                get_table_entry_name
                0x3d019334                genimg_get_os_name
                0x3d01934c                genimg_get_arch_name
                0x3d019364                genimg_get_type_name
                0x3d01937c                genimg_get_comp_name
                0x3d019394                image_print_contents
                0x3d01954c                get_table_entry_id
                0x3d01959c                genimg_get_os_id
                0x3d0195b4                genimg_get_arch_id
                0x3d0195cc                genimg_get_type_id
                0x3d0195e4                genimg_get_comp_id
                0x3d0195fc                genimg_get_format
                0x3d01961c                genimg_get_image
                0x3d019620                genimg_has_config
                0x3d019628                boot_get_ramdisk
                0x3d019850                boot_ramdisk_high
                0x3d019980                iomux_printdevs
                0x3d0199d8                iomux_doenv
                0x3d019b9c                lcd_putc
                0x3d019bfc                lcd_puts
                0x3d019c28                lcd_printf
                0x3d019c6c                shikhara_lcd_drawchars_24_bit
                0x3d019d54                lcd_puts_xy
                0x3d019d84                lcd_clear
                0x3d019dc8                drv_lcd_init
                0x3d019e70                lcd_setmem
                0x3d019e74                bitmap_plot
                0x3d019f70                lcd_display_bitmap
                0x3d01a200                lcd_draw_rectangle
                0x3d01a254                fill_screen
                0x3d01a464                __show_boot_progress
                0x3d01a464                show_boot_progress
                0x3d01a468                readline_into_buffer
                0x3d01adfc                readline
                0x3d01ae10                parse_line
                0x3d01b1e8                run_command
                0x3d01b200                main_loop
                0x3d01b360                do_run
                0x3d01b3d8                get_ram_size
                0x3d01b4d4                stdio_get_list
                0x3d01b4e0                stdio_get_by_name
                0x3d01b534                stdio_clone
                0x3d01b580                stdio_register
                0x3d01b5c4                stdio_init
                0x3d01b6b8                usb_stop
                0x3d01b70c                usb_disable_asynch
                0x3d01b72c                usb_submit_int_msg
                0x3d01b730                usb_control_msg
                0x3d01b9bc                usb_bulk_msg
                0x3d01ba30                usb_maxpacket
                0x3d01ba4c                usb_clear_halt
                0x3d01baec                usb_get_configuration_no
                0x3d01bba4                usb_set_interface
                0x3d01bc54                usb_set_protocol
                0x3d01bca0                usb_set_idle
                0x3d01bcf0                usb_get_report
                0x3d01bd48                usb_get_class_descriptor
                0x3d01bda0                usb_string
                0x3d01bea0                usb_get_dev_index
                0x3d01becc                usb_alloc_new_device
                0x3d01bf54                usb_free_device
                0x3d01bfa8                usb_new_device
                0x3d01c568                usb_init
                0x3d01c6a8                board_usb_init
                0x3d01c898                usb_hub_reset
                0x3d01c8ac                hub_port_reset
                0x3d01c96c                usb_hub_port_connect_change
                0x3d01cd6c                usb_hub_probe
                0x3d01d744                usb_stor_read
                0x3d01d8ec                usb_stor_write
                0x3d01da94                usb_stor_get_dev
                0x3d01dab8                usb_stor_info
                0x3d01db2c                usb_storage_probe
                0x3d01dd34                usb_stor_get_info
                0x3d01e054                usb_stor_scan
                0x3d01e23c                CYGACC_COMM_IF_GETC_TIMEOUT
                0x3d01e500                CYGACC_COMM_IF_PUTC
                0x3d01e508                parse_num
                0x3d01e61c                xyzModem_stream_open
                0x3d01e75c                xyzModem_stream_read
                0x3d01e9b8                xyzModem_stream_close
                0x3d01ea08                xyzModem_stream_terminate
                0x3d01ea9c                xyzModem_error
 .text          0x3d01eabc      0x8e0 disk/libdisk.o
                0x3d01eabc                get_dev
                0x3d01eb1c                dev_print
                0x3d01ed2c                init_part
                0x3d01ed48                get_partition_info
                0x3d01ed74                print_part
                0x3d01f2f0                test_part_dos
                0x3d01f354                print_part_dos
                0x3d01f380                get_partition_info_dos
 .text          0x3d01f39c      0x5e8 drivers/can/libcan.a
                0x3d01f39c                can_initialize
                0x3d01f3e0                can_register
                0x3d01f440                find_can_device
                0x3d01f48c                can_init
                0x3d01f4c8                get_can_num
                0x3d01f4d8                can_list
                0x3d01f4dc                shikhara_status
                0x3d01f5ec                shikhara_xmit
                0x3d01f734                shikhara_init
                0x3d01f7e8                shikhara_recv
                0x3d01f924                shikhara_can_initialize
 .text          0x3d01f984     0x2c58 drivers/dma330/libdma.o
                0x3d0206a0                pl330_submit_req
                0x3d0208f0                pl330_update
                0x3d020ce0                pl330_irq_poll
                0x3d020d48                pl330_chan_ctrl
                0x3d020e4c                pl330_chan_status
                0x3d020f2c                pl330_request_channel
                0x3d021018                pl330_release_channel
                0x3d0210b4                pl330_add
                0x3d0214a0                pl330_del
                0x3d0218f8                shikara_dma_ctrl
                0x3d021aac                shikara_dma_enqueue_ring
                0x3d021c68                shikara_dma_request
                0x3d021f3c                shikara_dma_free
                0x3d022080                shikara_dma_config
                0x3d022104                shikara_dma_setflags
                0x3d022134                shikara_dma_getposition
                0x3d0221bc                shikara_dma_set_buffdone_fn
                0x3d0221f8                shikara_dma_devconfig
                0x3d0222b4                dma_pl330_init
                0x3d0224c8                pl330_remove
 .text          0x3d0225dc      0x298 drivers/gpio/libgpio.o
                0x3d0225dc                pl061_gpio_get_bank
                0x3d0225f0                pl061_gpio_get_pin
                0x3d0225f8                pl061_gpio_direction_input
                0x3d022628                pl061_gpio_direction_output
                0x3d022688                pl061_gpio_get_value
                0x3d0226a8                pl061_gpio_set_value
                0x3d0226d0                pl061_irq_disable
                0x3d0226f0                pl061_irq_enable
                0x3d022714                pl061_irq_type
                0x3d0227c0                gpio_request
                0x3d0227d0                gpio_free
                0x3d0227d8                gpio_direction_input
                0x3d022800                gpio_direction_output
                0x3d02282c                gpio_get_value
                0x3d022848                gpio_set_value
 .text          0x3d022874      0x560 drivers/i2c/libi2c.o
                0x3d022a7c                i2c_set_bus_speed
                0x3d022ab4                i2c_get_bus_speed
                0x3d022b08                i2c_init
                0x3d022b84                i2c_read
                0x3d022c9c                i2c_write
                0x3d022d5c                i2c_probe
                0x3d022d94                i2c_set_bus_num
                0x3d022dc4                i2c_get_bus_num
 .text          0x3d022dd4      0xcc4 drivers/input/libinput.o
                0x3d022e30                kbd_put_queue
                0x3d022e88                handle_scancode
                0x3d023080                kbd_init
                0x3d023130                kbd_read_data
                0x3d02316c                kbd_wait_for_input
                0x3d0231a4                pckbd_leds
                0x3d0231c0                kbd_init_hw
                0x3d023274                kbd_send_data
                0x3d023284                kbd_write
                0x3d02329c                kbd_write_output
                0x3d0232ac                kbd_read
                0x3d0232b4                kbd_read_input
                0x3d0232c4                kbd_read_status
                0x3d0232d4                KMI_GetData
                0x3d0232f4                kmi_check1
                0x3d023314                kmi_check2
                0x3d02339c                kmi_init
                0x3d023404                spi_ts_xfer
                0x3d0234ac                start_xfer
                0x3d023538                get_position
                0x3d0235a4                touch_init
                0x3d0236f4                touch_read
                0x3d0237a8                touch_release
                0x3d023804                measurement
                0x3d023888                ts_calibrate
 .text          0x3d023a98     0x1e4c drivers/mmc/libmmc.o
                0x3d023ca0                board_mmc_getwp
                0x3d023ca8                mmc_getwp
                0x3d023cdc                __board_mmc_getcd
                0x3d023cdc                board_mmc_getcd
                0x3d023ce4                find_mmc_device
                0x3d0241ac                mmc_switch_part
                0x3d0241e4                mmc_getcd
                0x3d024218                mmc_set_clock
                0x3d024be8                mmc_register
                0x3d024c6c                mmc_init
                0x3d024f98                mmc_get_dev
                0x3d024fc4                cpu_mmc_init
                0x3d024fcc                print_mmc_devices
                0x3d025038                get_mmc_num
                0x3d025048                mmc_initialize
                0x3d025728                add_dwmci
                0x3d0257f8                get_shikhara_mmc_clk
                0x3d025850                shikhara_enable_dwmmc_clock
                0x3d025868                shikhara_dwmci_init
 .text          0x3d0258e4     0x2f54 drivers/mtd/libmtd.o
                0x3d0258e4                add_mtd_device
                0x3d02594c                del_mtd_device
                0x3d0259a0                get_mtd_device
                0x3d025a18                get_mtd_device_nm
                0x3d025a80                put_mtd_device
                0x3d026074                mtd_erase_callback
                0x3d0260e0                del_mtd_partitions
                0x3d02616c                add_mtd_partitions
                0x3d026b24                cfi_flash_bank_addr
                0x3d026b2c                cfi_flash_bank_size
                0x3d026b34                flash_sector_size
                0x3d026b6c                flash_write_cmd
                0x3d02714c                flash_erase
                0x3d0272fc                flash_print_info
                0x3d02751c                write_buff
                0x3d027c34                flash_real_protect
                0x3d027e2c                flash_read_user_serial
                0x3d027e98                flash_read_factory_serial
                0x3d027f00                __flash_cmd_reset
                0x3d027f00                flash_cmd_reset
                0x3d027f38                flash_get_size
                0x3d02872c                flash_protect_default
                0x3d028730                flash_init
 .text          0x3d028838     0x74c8 drivers/mtd/nand/libnand.o
                0x3d028838                nand_register
                0x3d0288bc                nand_init
                0x3d029b8c                nand_update_bbt
                0x3d029e5c                nand_scan_bbt
                0x3d02a33c                nand_default_bbt
                0x3d02a43c                nand_isbad_bbt
                0x3d02a524                nand_erase_opts
                0x3d02a844                nand_write_skip_bad
                0x3d02aa38                nand_read_skip_bad
                0x3d02ac3c                nand_calculate_ecc
                0x3d02ad38                nand_correct_data
                0x3d02ae74                nand_read_byte
                0x3d02aea8                nand_write_buf
                0x3d02aed4                nand_read_buf
                0x3d02af3c                nand_write_buf16
                0x3d02af70                nand_read_buf16
                0x3d02cd80                nand_wait_ready
                0x3d02d8b4                nand_erase_nand
                0x3d02dc64                nand_scan_ident
                0x3d02e6c0                nand_scan_tail
                0x3d02ec78                nand_scan
                0x3d02ec9c                nand_release
                0x3d02ece4                snand_correct_data
                0x3d02efb4                snand_write_page_hwecc
                0x3d02f194                snand_read_page_hwecc
                0x3d02f83c                sonehot
                0x3d02f850                shikharaon_nand_init
 .text          0x3d02fd00      0xbd8 drivers/mtd/spi/libspi_flash.o
                0x3d02fd74                spi_flash_cmd_read
                0x3d02fd90                spi_flash_cmd
                0x3d02fdbc                spi_flash_cmd_write
                0x3d02fdd8                spi_flash_read_common
                0x3d02fe24                spi_flash_cmd_read_fast
                0x3d02fed8                spi_flash_cmd_poll_bit
                0x3d02ffa0                spi_flash_cmd_wait_ready
                0x3d02ffac                spi_flash_cmd_write_multi
                0x3d030120                spi_flash_cmd_erase
                0x3d030280                spi_flash_probe
                0x3d030390                spi_flash_free
                0x3d030624                stmicro_erase
                0x3d030764                spi_flash_probe_stmicro
 .text          0x3d0308d8      0x248 drivers/nvm/libnvm.o
                0x3d0308d8                nvm_enable
                0x3d03090c                nvm_erase_word
                0x3d03096c                nvm_write_word
                0x3d0309dc                nvm_read_word
                0x3d030a80                nvm_read_buff
                0x3d030ad0                nvm_write_buff
 .text          0x3d030b20      0x38c drivers/rtc/librtc.o
                0x3d030b20                GregorianDay
                0x3d030c04                to_tm
                0x3d030d08                mktime
                0x3d030d98                rtc_init
                0x3d030db8                rtc_reset
                0x3d030de0                rtc_set
                0x3d030e54                rtc_get
 .text          0x3d030eac      0x148 drivers/serial/libserial.o
                0x3d030eac                serial_init
                0x3d030f24                serial_tstc
                0x3d030f3c                serial_setbrg
                0x3d030f50                pl01x_putc
                0x3d030f70                serial_putc
                0x3d030f9c                serial_puts
                0x3d030fbc                pl01x_getc
                0x3d030fec                serial_getc
 .text          0x3d030ff4     0x1980 drivers/sound/libsound.o
                0x3d030ff4                sound_init
                0x3d03102c                sound_sine
                0x3d0310d8                sound_square
                0x3d031220                sound_wave
                0x3d0313b0                hdmi_wave
                0x3d031540                sound_record
                0x3d0317a4                sound_beep
                0x3d0317a8                sound_sawtooth
                0x3d0317ac                shikhara_i2s_tx_init
                0x3d0318cc                shikhara_i2s_transfer_tx_data
                0x3d031a74                shikhara_i2s_record_rx_data
                0x3d031b14                shikhara_i2s_beep
                0x3d031c34                shikhara_i2s_sawtooth
                0x3d031de8                hdmi_mc_audiodma_reset
                0x3d031df4                hdmi_insert_pcuv
                0x3d031e08                hdmi_dma_irq_mute
                0x3d031e18                hdmi_mask_interrupts
                0x3d031f6c                shikhara_hdmiaudio_init
                0x3d0321fc                shikhara_hdmi_transfer_tx_data
                0x3d0325b0                sgtl5000_update
                0x3d0325f8                i2s_codec_post
                0x3d03261c                sgtl5000_do_init
                0x3d0327a0                sgtl5000_init
 .text          0x3d032974      0x7f4 drivers/spi/libspi.o
                0x3d032974                spi_do_alloc_slave
                0x3d0329b8                spi_cs_is_valid
                0x3d0329b8                __spi_cs_is_valid
                0x3d0329c0                __spi_cs_activate
                0x3d0329c0                spi_cs_activate
                0x3d032a00                __spi_cs_deactivate
                0x3d032a00                spi_cs_deactivate
                0x3d032a40                spi_init
                0x3d032a44                spi_setup_slave
                0x3d032c84                spi_free_slave
                0x3d032c88                spi_claim_bus
                0x3d032ca4                spi_release_bus
                0x3d032cb4                spi_xfer_gnss
                0x3d032d5c                spi_dma_start
                0x3d032fe8                spi_xfer
 .text          0x3d033168     0x1b60 drivers/usb/gadget/libusb_gadget.o
                0x3d0334b8                drd_flush_cache
                0x3d0336c0                drd_inval_cache
                0x3d033714                shikhara_usb_handle_setup
                0x3d033d74                shikhara_usbc_activate
                0x3d033df4                shikhara_usb_stop
                0x3d033e1c                shikhara_udc_int_hndlr
                0x3d0349e4                shikhara_usbctl_init
 .text          0x3d034cc8     0x27d8 drivers/usb/host/libusb_host.o
                0x3d034e0c                xhci_reset
                0x3d034ea8                usb_alloc_device
                0x3d034f6c                xhci_check_maxpacket
                0x3d03502c                submit_int_msg
                0x3d035034                submit_bulk_msg
                0x3d035070                submit_control_msg
                0x3d035848                usb_lowlevel_init
                0x3d0359f8                usb_lowlevel_stop
                0x3d035d90                xhci_queue_command
                0x3d035e30                xhci_acknowledge_event
                0x3d035f08                xhci_wait_for_event
                0x3d036170                xhci_bulk_tx
                0x3d0364e8                xhci_ctrl_tx
                0x3d0368ec                xhci_flush_cache
                0x3d036abc                xhci_inval_cache
                0x3d036b10                xhci_cleanup
                0x3d036bf0                xhci_ring_alloc
                0x3d036d4c                xhci_alloc_virt_device
                0x3d036e3c                xhci_mem_init
                0x3d037004                xhci_get_input_control_ctx
                0x3d037048                xhci_get_slot_ctx
                0x3d03707c                xhci_get_ep_ctx
                0x3d0370ac                xhci_endpoint_copy
                0x3d037100                xhci_slot_copy
                0x3d037144                xhci_setup_addressable_virt_dev
                0x3d0372fc                dwc3_set_mode
                0x3d037310                xhci_hcd_init
                0x3d037464                xhci_hcd_stop
 .text          0x3d0374a0     0x346c drivers/video/libvideo.o
                0x3d0374a0                rgb565torgb888_conversion
                0x3d0374f8                color_conversion
                0x3d037590                do_csi_bridge_dump
                0x3d0376f8                do_csi_dump
                0x3d037860                rgb565torgb888
                0x3d0378bc                lcd_enable
                0x3d0378c0                hdmi_init
                0x3d037908                shikhara_hdmi_bridge_reset
                0x3d037940                shikhara_hdmi_bridge_reinit
                0x3d037a80                shikhara_hdmi_bridge_init
                0x3d037b10                enable_hdmi_bridge
                0x3d037b2c                disable_hdmi_bridge
                0x3d037b44                do_hdmi_disable
                0x3d037b54                do_hdmi_enable
                0x3d037b88                do_hdmi_dump
                0x3d03853c                hdmi_writeb
                0x3d03854c                hdmi_readb
                0x3d03855c                hdmi_mask_writeb
                0x3d03857c                hdmi_clear_overflow
                0x3d0385ac                shikhara_hdmi_init
                0x3d038798                shikhara_hdmi_uninit
                0x3d0387c8                shikhara_hdmi_reinit
                0x3d03884c                Set_pixel_format
                0x3d03889c                csi_enable
                0x3d038904                clkdatastopstatecheck
                0x3d038994                shikhara_mipi_csi_platform_init
                0x3d0389c0                mipi_csi_get_on_lanes
                0x3d0389d8                mipi_csi_set_on_lanes
                0x3d038a00                mipi_csi_reset_controller
                0x3d038a1c                mipi_csi_event_enable
                0x3d038a74                mipi_csi_event_disable
                0x3d038acc                mipi_csi_event_get_source
                0x3d038b10                mipi_csi_shut_down_phy
                0x3d038b38                mipi_csi_reset_phy
                0x3d038b54                mipi_csi_close
                0x3d038b7c                mipi_csi_init
                0x3d038d70                mipi_csi_write
                0x3d038d7c                mipi_csi_core_write_part
                0x3d038da0                mipi_csi_core_read_part
                0x3d038db4                mipi_csi_read
                0x3d038dbc                mipi_csi_bridge_init
                0x3d038e4c                mipi_dsih_dpi_video
                0x3d0390bc                shikhara_mipi_dsi_init
                0x3d039480                do_dsi_enable
                0x3d039488                mipi_dsi_bridge_init
                0x3d03952c                dsi_bridge_enable
                0x3d039544                dsi_bridge_disable
                0x3d03955c                do_dsi_disable
                0x3d03956c                mipi_dsih_write_word
                0x3d039580                mipi_dsih_read_word
                0x3d039594                mipi_dsih_write_part
                0x3d0395d4                mipi_dsih_read_part
                0x3d0395f4                mipi_dsih_dphy_read_word
                0x3d039618                mipi_dsih_dphy_write_word
                0x3d039634                mipi_dsih_dphy_write_part
                0x3d039680                mipi_dsih_dphy_read_part
                0x3d0396a0                io_bus_write32
                0x3d0396a8                io_bus_read32
                0x3d0396b0                mipi_dsih_hal_get_version
                0x3d0396b8                mipi_dsih_hal_power
                0x3d0396d8                mipi_dsih_hal_tx_escape_division
                0x3d0396f4                mipi_dsih_hal_dpi_lp_during_hfp
                0x3d039714                mipi_dsih_hal_dpi_lp_during_hbp
                0x3d039734                mipi_dsih_hal_dpi_lp_during_vactive
                0x3d039754                mipi_dsih_hal_dpi_lp_during_vfp
                0x3d039774                mipi_dsih_hal_dpi_lp_during_vbp
                0x3d039794                mipi_dsih_hal_dpi_lp_during_vsync
                0x3d0397b4                mipi_dsih_hal_dpi_video_vc
                0x3d0397d4                mipi_dsih_hal_dpi_color_coding
                0x3d039824                mipi_dsih_hal_dpi_18_loosely_packet_en
                0x3d039844                mipi_dsih_hal_dpi_color_mode_pol
                0x3d039864                mipi_dsih_hal_dpi_shut_down_pol
                0x3d039884                mipi_dsih_hal_dpi_hsync_pol
                0x3d0398a4                mipi_dsih_hal_dpi_vsync_pol
                0x3d0398c0                mipi_dsih_hal_dpi_dataen_pol
                0x3d0398e0                mipi_dsih_hal_gen_eotp_rx_en
                0x3d0398fc                mipi_dsih_hal_gen_eotp_tx_en
                0x3d03991c                mipi_dsih_hal_bta_en
                0x3d03993c                mipi_dsih_hal_gen_ecc_rx_en
                0x3d03995c                mipi_dsih_hal_gen_crc_rx_en
                0x3d03997c                mipi_dsih_hal_dpi_video_packet_size
                0x3d0399ac                mipi_dsih_hal_dpi_chunks_no
                0x3d0399dc                mipi_dsih_hal_dpi_null_packet_size
                0x3d039a0c                mipi_dsih_hal_cmd_ack_en
                0x3d039a28                mipi_dsih_hal_dcs_rd_tx_type
                0x3d039a70                mipi_dsih_hal_dcs_wr_tx_type
                0x3d039ac4                mipi_dsih_hal_gen_wr_tx_type
                0x3d039b20                mipi_dsih_hal_gen_rd_tx_type
                0x3d039b98                mipi_dsih_hal_max_rd_size_tx_type
                0x3d039bb8                mipi_dsih_hal_dpi_hline
                0x3d039bd8                mipi_dsih_hal_dpi_hbp
                0x3d039bf8                mipi_dsih_hal_dpi_hsa
                0x3d039c18                mipi_dsih_hal_dpi_vactive
                0x3d039c38                mipi_dsih_hal_dpi_vfp
                0x3d039c58                mipi_dsih_hal_dpi_vbp
                0x3d039c78                mipi_dsih_hal_dpi_vsync
                0x3d039c98                mipi_dsih_phy_lp2hs_config
                0x3d039cbc                mipi_dsih_phy_clk_hs2lp_config
                0x3d039ce0                mipi_dsih_hal_int_status_0
                0x3d039cf8                mipi_dsih_hal_int_status_1
                0x3d039d10                mipi_dsih_hal_int_mask_0
                0x3d039d1c                mipi_dsih_hal_int_mask_1
                0x3d039d28                mipi_dsih_hal_dpi_video_mode_en
                0x3d039d4c                mipi_dsih_phy_bta_time
                0x3d039d7c                mipi_dsih_hal_gen_rd_vc
                0x3d039d9c                mipi_dsih_hal_dpi_lp_cmd_en
                0x3d039dbc                mipi_dsih_hal_dpi_frame_ack_en
                0x3d039ddc                mipi_dsih_phy_hs2lp_config
                0x3d039e00                mipi_dsih_phy_clk_lp2hs_config
                0x3d039e24                mipi_dsih_hal_dpi_video_mode_type
                0x3d039e70                mipi_dsih_hal_dpi_null_packet_en
                0x3d039e74                mipi_dsih_hal_dpi_multi_packet_en
                0x3d039e78                mipi_dsih_dphy_reset
                0x3d039e94                mipi_dsih_dphy_stop_wait_time
                0x3d039eb0                mipi_dsih_dphy_no_of_lanes
                0x3d039ed0                mipi_dsih_dphy_clock_en
                0x3d039ef0                mipi_dsih_dphy_shutdown
                0x3d039f10                mipi_dsih_dphy_enable_hs_clk
                0x3d039f30                mipi_dsih_dphy_txrequestclkhs
                0x3d039f4c                gen_write_cmd
                0x3d039f84                gen_read_data
                0x3d039fb8                gen_write_data
                0x3d039fd4                TC358768_DCS_write_1A_1P
                0x3d03a028                TC358768_DCS_write_1A_0P
                0x3d03a078                mipi_lcd_init
                0x3d03a534                mipi_lcd_color_pixel
                0x3d03a580                mipi_lcd_color_bar
                0x3d03a63c                do_dsi_color_pattern
                0x3d03a6f0                dsi_display_bitmap_custom
 .text          0x3d03a90c     0x27f0 fs/fat/libfat.o
                0x3d03c330                fat_register_device
                0x3d03c484                do_fat_read
                0x3d03cf2c                file_fat_detectfs
                0x3d03d080                file_fat_ls
                0x3d03d090                file_fat_read
                0x3d03d0c8                file_fat_write
 .text          0x3d03d0fc     0x2a0c lib/libgeneric.o
                0x3d03d0fc                cyg_crc16
                0x3d03d154                hcreate_r
                0x3d03d200                hdestroy_r
                0x3d03d274                hstrstr_r
                0x3d03d320                hmatch_r
                0x3d03d3c0                hsearch_r
                0x3d03d6a0                hdelete_r
                0x3d03d728                hexport_r
                0x3d03d9bc                himport_r
                0x3d03ddb0                lmb_dump_all
                0x3d03ddb4                lmb_init
                0x3d03dddc                lmb_add
                0x3d03dde0                lmb_free
                0x3d03dee8                lmb_reserve
                0x3d03def0                lmb_overlaps_region
                0x3d03df48                __lmb_alloc_base
                0x3d03e04c                lmb_alloc_base
                0x3d03e080                lmb_alloc
                0x3d03e088                lmb_is_reserved
                0x3d03e0d8                __board_lmb_reserve
                0x3d03e0d8                board_lmb_reserve
                0x3d03e0dc                __arch_lmb_reserve
                0x3d03e0e0                ldiv
                0x3d03e130                qsort
                0x3d03e208                strcmp_compar
                0x3d03e214                crc32_no_comp
                0x3d03e2ec                crc32
                0x3d03e300                crc32_wd
                0x3d03e304                __div64_32
                0x3d03e3d4                strcpy
                0x3d03e3f0                strncpy
                0x3d03e414                strcat
                0x3d03e444                strncat
                0x3d03e494                strcmp
                0x3d03e4c0                strncmp
                0x3d03e500                strchr
                0x3d03e52c                skip_spaces
                0x3d03e55c                strlen
                0x3d03e57c                strim
                0x3d03e5e4                strrchr
                0x3d03e620                strnlen
                0x3d03e650                strdup
                0x3d03e688                strspn
                0x3d03e6c4                strpbrk
                0x3d03e700                strtok
                0x3d03e778                strsep
                0x3d03e7ac                strswab
                0x3d03e7f8                bcopy
                0x3d03e81c                memmove
                0x3d03e880                memcmp
                0x3d03e8b4                memscan
                0x3d03e8e0                strstr
                0x3d03e94c                memchr
                0x3d03e980                udelay
                0x3d03e9ac                mdelay
                0x3d03f4ec                simple_strtoul
                0x3d03f5b4                strict_strtoul
                0x3d03f62c                simple_strtol
                0x3d03f654                ustrtoul
                0x3d03f6c4                simple_strtoull
                0x3d03f7ac                vsprintf
                0x3d03f7b0                sprintf
                0x3d03f7d4                panic
                0x3d03f804                __assert_fail
                0x3d03f818                simple_itoa
                0x3d03f870                display_options
                0x3d03f878                print_size
                0x3d03f9ac                print_buffer
 .text          0x3d03fb08    0x1069c lib/snps-hdmi/libhdmi.o
                0x3d03fb08                log_SetVerbose
                0x3d03fb18                log_SetNumeric
                0x3d03fb28                log_SetVerboseWrite
                0x3d03fb38                log_PrintWrite
                0x3d03fb7c                log_Print0
                0x3d03fbd0                log_Print1
                0x3d03fc2c                log_Print2
                0x3d03fca0                log_Print3
                0x3d03fd1c                log_PrintInt
                0x3d03fd4c                log_PrintInt2
                0x3d03fd84                error_Set
                0x3d03fd9c                error_Get
                0x3d03fdb4                bitOperation_ConcatBits
                0x3d03fdf0                bitOperation_Bytes2Word
                0x3d03fdf8                bitOperation_BitField
                0x3d03fe0c                bitOperation_Bytes2Dword
                0x3d03fe1c                audioParams_Reset
                0x3d03fe8c                audioParams_GetChannelAllocation
                0x3d03fe94                audioParams_SetChannelAllocation
                0x3d03fe9c                audioParams_GetCodingType
                0x3d03fea4                audioParams_SetCodingType
                0x3d03feac                audioParams_GetDownMixInhibitFlag
                0x3d03feb4                audioParams_SetDownMixInhibitFlag
                0x3d03febc                audioParams_GetIecCategoryCode
                0x3d03fec4                audioParams_SetIecCategoryCode
                0x3d03fecc                audioParams_GetIecCgmsA
                0x3d03fed4                audioParams_SetIecCgmsA
                0x3d03fedc                audioParams_GetIecClockAccuracy
                0x3d03fee4                audioParams_SetIecClockAccuracy
                0x3d03feec                audioParams_GetIecCopyright
                0x3d03fef4                audioParams_SetIecCopyright
                0x3d03fefc                audioParams_GetIecPcmMode
                0x3d03ff04                audioParams_SetIecPcmMode
                0x3d03ff0c                audioParams_GetIecSourceNumber
                0x3d03ff14                audioParams_SetIecSourceNumber
                0x3d03ff1c                audioParams_GetInterfaceType
                0x3d03ff24                audioParams_SetInterfaceType
                0x3d03ff2c                audioParams_GetLevelShiftValue
                0x3d03ff34                audioParams_SetLevelShiftValue
                0x3d03ff3c                audioParams_GetOriginalSamplingFrequency
                0x3d03ff44                audioParams_SetOriginalSamplingFrequency
                0x3d03ff4c                audioParams_GetSampleSize
                0x3d03ff54                audioParams_SetSampleSize
                0x3d03ff5c                audioParams_GetSamplingFrequency
                0x3d03ff64                audioParams_SetSamplingFrequency
                0x3d03ff6c                audioParams_AudioClock
                0x3d03ff7c                audioParams_ChannelCount
                0x3d03ff98                audioParams_IecOriginalSamplingFrequency
                0x3d0400b8                audioParams_IecSamplingFrequency
                0x3d0401ac                audioParams_IecWordLength
                0x3d0401d4                audioParams_IsLinearPCM
                0x3d0401e8                audioParams_GetPacketType
                0x3d0401f0                audioParams_SetPacketType
                0x3d0401f8                audioParams_IsChannelEn
                0x3d0402a8                audioParams_GetClockFsFactor
                0x3d0402b0                audioParams_SetClockFsFactor
                0x3d0402b8                audioParams_GetDmaBeatIncrement
                0x3d0402c0                audioParams_SetDmaBeatIncrement
                0x3d0402c8                audioParams_SetDmaThreshold
                0x3d0402d0                audioParams_GetDmaThreshold
                0x3d0402d8                audioParams_GetDmaHlock
                0x3d0402e0                audioParams_SetDmaHlock
                0x3d0402e8                audioParams_SetGpaSamplePacketInfoSource
                0x3d0402f0                audioParams_GetGpaSamplePacketInfoSource
                0x3d0402f8                halFrameComposerSpd_VendorName
                0x3d040348                halFrameComposerSpd_ProductName
                0x3d040398                halFrameComposerSpd_SourceDeviceInfo
                0x3d0403cc                halAudioGenerator_SwReset
                0x3d040408                halAudioGenerator_I2sMode
                0x3d040444                halAudioGenerator_FreqIncrementLeft
                0x3d040488                halAudioGenerator_FreqIncrementRight
                0x3d0404cc                halAudioGenerator_IecCgmsA
                0x3d040508                halAudioGenerator_IecCopyright
                0x3d040544                halAudioGenerator_IecCategoryCode
                0x3d040578                halAudioGenerator_IecPcmMode
                0x3d0405b4                halAudioGenerator_IecSource
                0x3d0405f0                halAudioGenerator_IecChannelRight
                0x3d04067c                halAudioGenerator_IecChannelLeft
                0x3d040708                halAudioGenerator_IecClockAccuracy
                0x3d040744                halAudioGenerator_IecSamplingFreq
                0x3d040780                halAudioGenerator_IecOriginalSamplingFreq
                0x3d0407bc                halAudioGenerator_IecWordLength
                0x3d0407f8                halAudioGenerator_UserRight
                0x3d0408ac                halAudioGenerator_UserLeft
                0x3d040950                halAudioGenerator_SpdifTxData
                0x3d04098c                halAudioGenerator_HbrEnable
                0x3d0409c8                halAudioGenerator_HbrDdrEnable
                0x3d040a04                halAudioGenerator_HbrDdrChannel
                0x3d040a40                halAudioGenerator_HbrBurstLength
                0x3d040a7c                halAudioGenerator_HbrClockDivider
                0x3d040ac8                halAudioGenerator_UseLookUpTable
                0x3d040ae0                halAudioGenerator_GpaReplyLatency
                0x3d040af8                halAudioGenerator_ChannelSelect
                0x3d040b38                halAudioGenerator_GpaSampleValid
                0x3d040b4c                packets_AudioContentProtection
                0x3d040c1c                packets_IsrcPackets
                0x3d040d94                packets_AudioInfoFrame
                0x3d040f28                packets_AvMute
                0x3d040f58                packets_IsrcStatus
                0x3d040f88                packets_StopSendAcp
                0x3d040fb8                packets_StopSendIsrc1
                0x3d040ffc                packets_StopSendIsrc2
                0x3d04103c                packets_StopSendSpd
                0x3d04106c                packets_StopSendVsd
                0x3d04109c                packets_GamutMetadataPackets
                0x3d041104                packets_DisableAllPackets
                0x3d04112c                packets_Initialize
                0x3d041158                packets_SourceProductInfoFrame
                0x3d041288                packets_VendorSpecificInfoFrame
                0x3d041320                packets_AuxiliaryVideoInfoFrame
                0x3d04167c                packets_Configure
                0x3d0418cc                halAudioClock_N
                0x3d041938                halAudioClock_Cts
                0x3d0419b0                halAudioClock_F
                0x3d0419e8                halAudioDma_ResetFifo
                0x3d041a18                halAudioDma_HbrEnable
                0x3d041a4c                halAudioDma_HlockEnable
                0x3d041a80                halAudioDma_FixBurstMode
                0x3d041ad8                halAudioDma_Start
                0x3d041b0c                halAudioDma_Stop
                0x3d041b24                halAudioDma_Threshold
                0x3d041b54                halAudioDma_StartAddress
                0x3d041bb4                halAudioDma_StopAddress
                0x3d041c14                halAudioDma_CurrentOperationAddress
                0x3d041c70                halAudioDma_CurrentBurstLength
                0x3d041cb0                halAudioDma_DmaInterruptMask
                0x3d041ce4                halAudioDma_BufferInterruptMask
                0x3d041d18                halAudioDma_DmaInterruptMaskStatus
                0x3d041d40                halAudioDma_BufferInterruptMaskStatus
                0x3d041d4c                halAudioDma_ChannelEnable
                0x3d041d88                videoParams_Reset
                0x3d041df0                videoParams_GetActiveFormatAspectRatio
                0x3d041df8                videoParams_GetColorimetry
                0x3d041e00                videoParams_GetColorResolution
                0x3d041e08                videoParams_GetCscFilter
                0x3d041e10                videoParams_GetDtd
                0x3d041e18                videoParams_GetEncodingIn
                0x3d041e20                videoParams_GetEncodingOut
                0x3d041e28                videoParams_GetEndLeftBar
                0x3d041e30                videoParams_GetEndTopBar
                0x3d041e38                videoParams_GetExtColorimetry
                0x3d041e40                videoParams_GetHdmi
                0x3d041e48                videoParams_GetItContent
                0x3d041e50                videoParams_GetNonUniformScaling
                0x3d041e58                videoParams_GetPixelPackingDefaultPhase
                0x3d041e60                videoParams_GetPixelRepetitionFactor
                0x3d041e68                videoParams_GetRgbQuantizationRange
                0x3d041e70                videoParams_GetScanInfo
                0x3d041e78                videoParams_GetStartBottomBar
                0x3d041e80                videoParams_GetStartRightBar
                0x3d041e88                videoParams_GetCscScale
                0x3d041e90                videoParams_SetActiveFormatAspectRatio
                0x3d041e98                videoParams_SetColorimetry
                0x3d041ea0                videoParams_SetColorResolution
                0x3d041ea8                videoParams_SetCscFilter
                0x3d041eb0                videoParams_SetDtd
                0x3d041ec4                videoParams_SetEncodingIn
                0x3d041ecc                videoParams_SetEncodingOut
                0x3d041ed4                videoParams_SetEndLeftBar
                0x3d041edc                videoParams_SetEndTopBar
                0x3d041ee4                videoParams_SetExtColorimetry
                0x3d041eec                videoParams_SetHdmi
                0x3d041ef4                videoParams_SetItContent
                0x3d041efc                videoParams_SetNonUniformScaling
                0x3d041f04                videoParams_SetPixelPackingDefaultPhase
                0x3d041f0c                videoParams_SetPixelRepetitionFactor
                0x3d041f14                videoParams_SetRgbQuantizationRange
                0x3d041f1c                videoParams_SetScanInfo
                0x3d041f24                videoParams_SetStartBottomBar
                0x3d041f2c                videoParams_SetStartRightBar
                0x3d041f34                videoParams_SetCscA
                0x3d041f58                videoParams_SetCscB
                0x3d041f7c                videoParams_SetCscC
                0x3d041fa0                videoParams_SetCscScale
                0x3d041fa8                videoParams_GetPixelClock
                0x3d041fb0                videoParams_GetRatioClock
                0x3d042004                videoParams_GetTmdsClock
                0x3d042034                videoParams_IsColorSpaceConversion
                0x3d042044                videoParams_IsColorSpaceDecimation
                0x3d04206c                videoParams_IsColorSpaceInterpolation
                0x3d042094                videoParams_IsPixelRepetition
                0x3d0420c0                videoParams_GetHdmiVideoFormat
                0x3d0420c8                videoParams_SetHdmiVideoFormat
                0x3d0420d0                videoParams_Get3dStructure
                0x3d0420d8                videoParams_Set3dStructure
                0x3d0420e0                videoParams_Get3dExtData
                0x3d0420e8                videoParams_Set3dExtData
                0x3d0420f0                videoParams_GetHdmiVic
                0x3d0420f8                videoParams_SetHdmiVic
                0x3d042100                videoParams_UpdateCscCoefficients
                0x3d0422d4                videoParams_GetCscC
                0x3d0422e8                videoParams_GetCscB
                0x3d0422fc                videoParams_GetCscA
                0x3d042310                halVideoPacketizer_PixelPackingPhase
                0x3d04233c                halVideoPacketizer_ColorDepth
                0x3d042378                halVideoPacketizer_PixelPackingDefaultPhase
                0x3d0423b4                halVideoPacketizer_PixelRepetitionFactor
                0x3d042448                halVideoPacketizer_Ycc422RemapSize
                0x3d042484                halVideoPacketizer_OutputSelector
                0x3d0425e8                halFrameComposerAudioInfo_ChannelCount
                0x3d042624                halFrameComposerAudioInfo_SampleFreq
                0x3d042660                halFrameComposerAudioInfo_AllocateChannels
                0x3d042694                halFrameComposerAudioInfo_LevelShiftValue
                0x3d0426d0                halFrameComposerAudioInfo_DownMixInhibit
                0x3d042710                halFrameComposerAudioInfo_CodingType
                0x3d04274c                halFrameComposerAudioInfo_SamplingSize
                0x3d042788                halVideoGenerator_SwReset
                0x3d0427c4                halVideoGenerator_Ycc
                0x3d042800                halVideoGenerator_Ycc422
                0x3d04283c                halVideoGenerator_VBlankOsc
                0x3d042878                halVideoGenerator_ColorIncrement
                0x3d0428b4                halVideoGenerator_Interlaced
                0x3d0428f0                halVideoGenerator_VSyncPolarity
                0x3d04292c                halVideoGenerator_HSyncPolarity
                0x3d042968                halVideoGenerator_DataEnablePolarity
                0x3d0429a4                halVideoGenerator_ColorResolution
                0x3d0429e0                halVideoGenerator_PixelRepetitionInput
                0x3d042a1c                halVideoGenerator_HActive
                0x3d042a68                halVideoGenerator_HBlank
                0x3d042ab4                halVideoGenerator_HSyncEdgeDelay
                0x3d042b00                halVideoGenerator_HSyncPulseWidth
                0x3d042b4c                halVideoGenerator_VActive
                0x3d042b98                halVideoGenerator_VBlank
                0x3d042bcc                halVideoGenerator_VSyncEdgeDelay
                0x3d042c00                halVideoGenerator_VSyncPulseWidth
                0x3d042c3c                halVideoGenerator_Enable3D
                0x3d042c78                halVideoGenerator_Structure3D
                0x3d042cb4                halVideoGenerator_WriteStart
                0x3d042d18                halVideoGenerator_WriteData
                0x3d042d4c                halVideoGenerator_WriteCurrentAddr
                0x3d042d94                halVideoGenerator_WriteCurrentByte
                0x3d042dc4                halFrameComposerAcp_Type
                0x3d042df8                halFrameComposerAcp_TypeDependentFields
                0x3d042e6c                halFrameComposerIsrc_Status
                0x3d042ea8                halFrameComposerIsrc_Valid
                0x3d042ee8                halFrameComposerIsrc_Cont
                0x3d042f28                halFrameComposerIsrc_Isrc1Codes
                0x3d042f9c                halFrameComposerIsrc_Isrc2Codes
                0x3d043010                halIdentification_Design
                0x3d043034                halIdentification_Revision
                0x3d04305c                halIdentification_ProductLine
                0x3d043084                halIdentification_ProductType
                0x3d0430ac                halFrameComposerDebug_ForceAudio
                0x3d0430e4                halFrameComposerDebug_ForceVideo
                0x3d043190                halAudioI2s_ResetFifo
                0x3d0431c0                halAudioI2s_Select
                0x3d0431f8                halAudioI2s_DataEnable
                0x3d043230                halAudioI2s_DataMode
                0x3d04326c                halAudioI2s_DataWidth
                0x3d0432a8                halAudioI2s_InterruptMask
                0x3d0432e4                halAudioI2s_InterruptPolarity
                0x3d043320                halFrameComposerAvi_RgbYcc
                0x3d04335c                halFrameComposerAvi_ScanInfo
                0x3d043398                halFrameComposerAvi_Colorimetry
                0x3d0433d4                halFrameComposerAvi_PicAspectRatio
                0x3d043410                halFrameComposerAvi_ActiveAspectRatioValid
                0x3d04344c                halFrameComposerAvi_ActiveFormatAspectRatio
                0x3d043488                halFrameComposerAvi_IsItContent
                0x3d0434c8                halFrameComposerAvi_ExtendedColorimetry
                0x3d04351c                halFrameComposerAvi_QuantizationRange
                0x3d043558                halFrameComposerAvi_NonUniformPicScaling
                0x3d043594                halFrameComposerAvi_VideoCode
                0x3d0435c8                halFrameComposerAvi_HorizontalBarsValid
                0x3d0435e4                halFrameComposerAvi_HorizontalBars
                0x3d043650                halFrameComposerAvi_VerticalBarsValid
                0x3d04366c                halFrameComposerAvi_VerticalBars
                0x3d0436d8                halFrameComposerAvi_OutPixelRepetition
                0x3d043714                halFrameComposerGamut_Profile
                0x3d043750                halFrameComposerGamut_AffectedSeqNo
                0x3d04378c                halFrameComposerGamut_PacketsPerFrame
                0x3d0437c8                halFrameComposerGamut_PacketLineSpacing
                0x3d043804                halFrameComposerGamut_Content
                0x3d043878                halFrameComposerGamut_EnableTx
                0x3d0438b4                halFrameComposerGamut_UpdatePacket
                0x3d0438e8                halFrameComposerGamut_CurrentSeqNo
                0x3d043914                halFrameComposerGamut_PacketSeq
                0x3d043940                halFrameComposerGamut_NoCurrentGbd
                0x3d04396c                halAudioHbr_ResetFifo
                0x3d04399c                halAudioHbr_Select
                0x3d0439d4                halAudioHbr_InterruptMask
                0x3d043a10                halAudioHbr_InterruptPolarity
                0x3d043a4c                halMainController_SfrClockDivision
                0x3d043a84                halMainController_HdcpClockGate
                0x3d043ac0                halMainController_CecClockGate
                0x3d043afc                halMainController_ColorSpaceConverterClockGate
                0x3d043b38                halMainController_AudioSamplerClockGate
                0x3d043b74                halMainController_PixelRepetitionClockGate
                0x3d043bb0                halMainController_TmdsClockGate
                0x3d043bec                halMainController_PixelClockGate
                0x3d043c28                halMainController_CecClockReset
                0x3d043c64                halMainController_AudioGpaReset
                0x3d043ca0                halMainController_AudioHbrReset
                0x3d043cdc                halMainController_AudioSpdifReset
                0x3d043d18                halMainController_AudioI2sReset
                0x3d043d54                halMainController_PixelRepetitionClockReset
                0x3d043d90                halMainController_TmdsClockReset
                0x3d043dcc                halMainController_PixelClockReset
                0x3d043e08                halMainController_VideoFeedThroughOff
                0x3d043e44                halMainController_PhyReset
                0x3d043e84                halMainController_HeacPhyReset
                0x3d043ec4                halMainController_LockOnClockStatus
                0x3d043efc                halMainController_LockOnClockClear
                0x3d043f38                halAudioSpdif_ResetFifo
                0x3d043f68                halAudioSpdif_NonLinearPcm
                0x3d043fa4                halAudioSpdif_DataWidth
                0x3d043fe0                halAudioSpdif_InterruptMask
                0x3d04401c                halAudioSpdif_InterruptPolarity
                0x3d044058                control_Initialize
                0x3d0440c0                control_Configure
                0x3d044160                control_Standby
                0x3d0441d0                control_Design
                0x3d0441f4                control_Revision
                0x3d044218                control_ProductLine
                0x3d04423c                control_ProductType
                0x3d044260                control_SupportsCore
                0x3d0442a4                control_SupportsHdcp
                0x3d0442d8                control_InterruptMute
                0x3d044310                control_InterruptCecClear
                0x3d044348                control_InterruptCecState
                0x3d044370                control_InterruptEdidClear
                0x3d0443a8                control_InterruptEdidState
                0x3d0443d0                control_InterruptPhyClear
                0x3d044408                control_InterruptPhyState
                0x3d044430                control_InterruptAudioDmaState
                0x3d044458                control_InterruptAudioDmaClear
                0x3d044490                control_InterruptClearAll
                0x3d044524                halColorSpaceConverter_Interpolation
                0x3d04455c                halColorSpaceConverter_Decimation
                0x3d044594                halColorSpaceConverter_ColorDepth
                0x3d0445d0                halColorSpaceConverter_ScaleFactor
                0x3d04460c                halColorSpaceConverter_CoefficientA1
                0x3d044658                halColorSpaceConverter_CoefficientA2
                0x3d0446a4                halColorSpaceConverter_CoefficientA3
                0x3d0446f0                halColorSpaceConverter_CoefficientA4
                0x3d04473c                halColorSpaceConverter_CoefficientB1
                0x3d044788                halColorSpaceConverter_CoefficientB2
                0x3d0447d4                halColorSpaceConverter_CoefficientB3
                0x3d044820                halColorSpaceConverter_CoefficientB4
                0x3d04486c                halColorSpaceConverter_CoefficientC1
                0x3d0448b8                halColorSpaceConverter_CoefficientC2
                0x3d044904                halColorSpaceConverter_CoefficientC3
                0x3d044950                halColorSpaceConverter_CoefficientC4
                0x3d04499c                productParams_Reset
                0x3d044a0c                productParams_SetProductName
                0x3d044a80                productParams_GetProductName
                0x3d044a88                productParams_GetProductNameLength
                0x3d044a90                productParams_SetVendorName
                0x3d044afc                productParams_GetVendorName
                0x3d044b00                productParams_GetVendorNameLength
                0x3d044b08                productParams_SetSourceType
                0x3d044b14                productParams_GetSourceType
                0x3d044b1c                productParams_SetOUI
                0x3d044b28                productParams_GetOUI
                0x3d044b30                productParams_SetVendorPayload
                0x3d044ba4                productParams_GetVendorPayload
                0x3d044bac                productParams_GetVendorPayloadLength
                0x3d044bb4                productParams_IsSourceProductValid
                0x3d044bec                productParams_IsVendorSpecificValid
                0x3d044c10                halFrameComposerGcp_DefaultPhase
                0x3d044c50                halFrameComposerGcp_AvMute
                0x3d044cac                halFrameComposerVideo_HdcpKeepout
                0x3d044ce4                halFrameComposerVideo_VSyncPolarity
                0x3d044d1c                halFrameComposerVideo_HSyncPolarity
                0x3d044d54                halFrameComposerVideo_DataEnablePolarity
                0x3d044d8c                halFrameComposerVideo_DviOrHdmi
                0x3d044dc4                halFrameComposerVideo_VBlankOsc
                0x3d044dfc                halFrameComposerVideo_Interlaced
                0x3d044e34                halFrameComposerVideo_HActive
                0x3d044e80                halFrameComposerVideo_HBlank
                0x3d044ecc                halFrameComposerVideo_VActive
                0x3d044f18                halFrameComposerVideo_VBlank
                0x3d044f4c                halFrameComposerVideo_HSyncEdgeDelay
                0x3d044f98                halFrameComposerVideo_HSyncPulseWidth
                0x3d044fe4                halFrameComposerVideo_VSyncEdgeDelay
                0x3d045018                halFrameComposerVideo_VSyncPulseWidth
                0x3d045054                halFrameComposerVideo_RefreshRate
                0x3d0450b0                halFrameComposerVideo_ControlPeriodMinDuration
                0x3d0450e4                halFrameComposerVideo_ExtendedControlPeriodMinDuration
                0x3d045118                halFrameComposerVideo_ExtendedControlPeriodMaxSpacing
                0x3d04514c                halFrameComposerVideo_PreambleFilter
                0x3d0451d8                halFrameComposerVideo_PixelRepetitionInput
                0x3d045214                halFrameComposerVsd_VendorOUI
                0x3d045268                halFrameComposerVsd_VendorPayload
                0x3d0452fc                halFrameComposerPackets_QueuePriorityHigh
                0x3d045338                halFrameComposerPackets_QueuePriorityLow
                0x3d045374                halFrameComposerPackets_MetadataFrameInterpolation
                0x3d0453b0                halFrameComposerPackets_MetadataFramesPerPacket
                0x3d0453ec                halFrameComposerPackets_MetadataLineSpacing
                0x3d045428                halFrameComposerPackets_AutoSend
                0x3d045470                halFrameComposerPackets_ManualSend
                0x3d0454ac                halFrameComposerPackets_DisableAll
                0x3d0454e4                video_Initialize
                0x3d045500                video_ForceOutput
                0x3d045530                video_ColorSpaceConverter
                0x3d0457d0                video_FrameComposer
                0x3d045994                video_VideoPacketizer
                0x3d045bb8                video_VideoSampler
                0x3d045db0                video_VideoGenerator
                0x3d046048                video_Configure
                0x3d046134                audio_Initialize
                0x3d046184                audio_Mute
                0x3d0461a8                audio_AudioGenerator
                0x3d0463e4                audio_ComputeN
                0x3d0465a8                audio_ComputeCts
                0x3d046788                audio_Configure
                0x3d046c00                audio_DmaRequestAddress
                0x3d046c44                audio_DmaGetCurrentBurstLength
                0x3d046c6c                audio_DmaGetCurrentOperationAddress
                0x3d046c94                audio_DmaStartRead
                0x3d046cbc                audio_DmaStopRead
                0x3d046ce4                audio_DmaInterruptEnable
                0x3d046d14                audio_DmaInterruptEnableStatus
                0x3d046d3c                halAudioGpa_ResetFifo
                0x3d046d6c                halAudioGpa_ChannelEnable
                0x3d046da8                halAudioGpa_HbrEnable
                0x3d046de0                halAudioGpa_InsertPucv
                0x3d046e18                halAudioGpa_InterruptStatus
                0x3d046e48                halAudioGpa_InterruptMask
                0x3d046e80                halAudioGpa_InterruptPolarity
                0x3d046eb8                halVideoSampler_InternalDataEnableGenerator
                0x3d046ef0                halVideoSampler_VideoMapping
                0x3d046f28                halVideoSampler_StuffingGy
                0x3d046f84                halVideoSampler_StuffingRcr
                0x3d046fe0                halVideoSampler_StuffingBcb
                0x3d04703c                halFrameComposerAudio_PacketSampleFlat
                0x3d047078                halFrameComposerAudio_PacketLayout
                0x3d0470b4                halFrameComposerAudio_ValidityRight
                0x3d04711c                halFrameComposerAudio_ValidityLeft
                0x3d047184                halFrameComposerAudio_UserRight
                0x3d0471f0                halFrameComposerAudio_UserLeft
                0x3d047258                halFrameComposerAudio_IecCgmsA
                0x3d047294                halFrameComposerAudio_IecCopyright
                0x3d0472d0                halFrameComposerAudio_IecCategoryCode
                0x3d047304                halFrameComposerAudio_IecPcmMode
                0x3d047340                halFrameComposerAudio_IecSource
                0x3d04737c                halFrameComposerAudio_IecChannelRight
                0x3d047428                halFrameComposerAudio_IecChannelLeft
                0x3d0474d4                halFrameComposerAudio_IecClockAccuracy
                0x3d047510                halFrameComposerAudio_IecSamplingFreq
                0x3d04754c                halFrameComposerAudio_IecOriginalSamplingFreq
                0x3d047588                halFrameComposerAudio_IecWordLength
                0x3d0475c4                halInterrupt_AudioPacketsState
                0x3d0475e8                halInterrupt_AudioPacketsClear
                0x3d047618                halInterrupt_OtherPacketsState
                0x3d047640                halInterrupt_OtherPacketsClear
                0x3d047674                halInterrupt_PacketsOverflowState
                0x3d04769c                halInterrupt_PacketsOverflowClear
                0x3d0476d0                halInterrupt_AudioSamplerState
                0x3d0476f8                halInterrupt_AudioSamplerClear
                0x3d04772c                halInterrupt_PhyState
                0x3d047754                halInterrupt_PhyClear
                0x3d047788                halInterrupt_I2cDdcState
                0x3d0477b0                halInterrupt_I2cDdcClear
                0x3d0477e4                halInterrupt_CecState
                0x3d04780c                halInterrupt_CecClear
                0x3d047840                halInterrupt_VideoPacketizerState
                0x3d047868                halInterrupt_VideoPacketizerClear
                0x3d04789c                halInterrupt_I2cPhyState
                0x3d0478c4                halInterrupt_I2cPhyClear
                0x3d0478f8                halInterrupt_AudioDmaState
                0x3d047920                halInterrupt_AudioDmaClear
                0x3d047954                halInterrupt_MuteI2cState
                0x3d04797c                halInterrupt_MuteI2cClear
                0x3d0479b0                halInterrupt_Mute
                0x3d0479e4                access_Initialize
                0x3d047a14                access_Standby
                0x3d047a44                access_CoreReadByte
                0x3d047a7c                access_CoreRead
                0x3d047acc                access_Read
                0x3d047ae0                access_Write
                0x3d047b0c                access_CoreWrite
                0x3d047bb8                access_CoreWriteByte
                0x3d047bec                system_SleepMs
                0x3d047bf0                system_ThreadCreate
                0x3d047bf8                system_ThreadDestruct
                0x3d047c00                system_Start
                0x3d047c08                system_InterruptDisable
                0x3d047c10                system_InterruptEnable
                0x3d047c18                system_InterruptAcknowledge
                0x3d047c44                system_InterruptHandlerRegister
                0x3d047c4c                system_InterruptHandlerUnregister
                0x3d047c54                mutex_Initialize
                0x3d047c5c                mutex_Destruct
                0x3d047c64                mutex_Lock
                0x3d047c6c                mutex_Unlock
                0x3d047c74                board_Initialize
                0x3d047ce8                board_PllWrite
                0x3d047d58                board_PixelClock
                0x3d04823c                board_AudioClock
                0x3d048444                board_VideoGeneratorBypass
                0x3d048454                board_PllRead
                0x3d0484c4                board_PllReset
                0x3d0484d4                board_AudioGeneratorBypass
                0x3d0484e4                board_SupportedRefreshRate
                0x3d048520                hdcp_Initialize
                0x3d048578                hdcp_Configure
                0x3d0486c4                hdcp_EventHandler
                0x3d048830                hdcp_RxDetected