shikhara_i2c.c:30:13:set_speed	0	static
shikhara_i2c.c:173:12:i2c_wait_for_bb	8	static
shikhara_i2c.c:216:12:i2c_xfer_finish	8	static
shikhara_i2c.c:198:12:1	8	static
shikhara_i2c.c:77:5:i2c_set_bus_speed	8	static
shikhara_i2c.c:94:14:i2c_get_bus_speed	0	static
shikhara_i2c.c:117:6:i2c_init	16	static
shikhara_i2c.c:251:5:i2c_read	24	static
shikhara_i2c.c:311:5:i2c_write	24	static
shikhara_i2c.c:341:5:i2c_probe	24	static
shikhara_i2c.c:357:5:i2c_set_bus_num	0	static
shikhara_i2c.c:364:14:i2c_get_bus_num	0	static
