swab.h:112:48:__fswab32	0	static
mmc.c:895:13:mmc_set_ios	8	static
mmc.c:81:12:mmc_send_cmd	32	static
mmc.c:457:12:mmc_go_idle	40	static
mmc.c:607:12:mmc_send_ext_csd	56	static
mmc.c:143:12:6	48	static
mmc.c:629:12:1	40	static
mmc.c:53:12:board_mmc_getwp	0	static
mmc.c:58:5:mmc_getwp	8	static
mmc.c:74:5:__board_mmc_getcd	0	static
mmc.c:198:13:find_mmc_device	8	static
mmc.c:267:1:mmc_berase	72	static
mmc.c:360:1:mmc_bwrite	80	static
mmc.c:423:14:mmc_bread	80	static
mmc.c:697:5:mmc_switch_part	8	static
mmc.c:709:5:mmc_getcd	8	static
mmc.c:900:6:mmc_set_clock	0	static
mmc.c:920:12:mmc_startup	1328	static
mmc.c:1271:5:mmc_register	0	static
mmc.c:1312:5:mmc_init	48	static
mmc.c:1302:19:mmc_get_dev	8	static
mmc.c:1370:12:__def_mmc_init	0	static
mmc.c:1378:6:print_mmc_devices	16	static
mmc.c:1395:5:get_mmc_num	0	static
mmc.c:1400:5:mmc_initialize	16	static
