api.c:30:5:api_Initialize	184	static
api.c:332:5:api_Standby	8	static
api.c:349:4:api_CoreRead	0	static
api.c:354:6:api_CoreWrite	0	static
api.c:359:6:api_EventHandler	32	static
api.c:460:5:api_EventEnable	16	static
api.c:487:5:api_EventClear	16	static
api.c:509:5:api_EventDisable	24	static
api.c:533:5:api_EdidRead	8	static
api.c:547:5:api_EdidDtdCount	8	static
api.c:553:5:api_EdidDtd	16	static
api.c:559:5:api_EdidHdmivsdb	8	static
api.c:565:5:api_EdidMonitorName	16	static
api.c:571:5:api_EdidMonitorRangeLimits	8	static
api.c:577:5:api_EdidSvdCount	8	static
api.c:583:5:api_EdidSvd	16	static
api.c:589:5:api_EdidSadCount	8	static
api.c:595:5:api_EdidSad	16	static
api.c:601:5:api_EdidVideoCapabilityDataBlock	8	static
api.c:607:5:api_EdidSpeakerAllocationDataBlock	8	static
api.c:614:5:api_EdidColorimetryDataBlock	8	static
api.c:620:5:api_EdidSupportsBasicAudio	8	static
api.c:626:5:api_EdidSupportsUnderscan	8	static
api.c:632:5:api_EdidSupportsYcc422	8	static
api.c:638:5:api_EdidSupportsYcc444	8	static
api.c:166:5:api_Configure	184	static
api.c:644:6:api_PacketsAudioContentProtection	88	static
api.c:666:6:api_PacketsIsrc	88	static
api.c:686:6:api_PacketsIsrcStatus	8	static
api.c:692:6:api_PacketsGamutMetadata	16	static
api.c:702:6:api_PacketsStopSendAcp	8	static
api.c:708:6:api_PacketsStopSendIsrc	8	static
api.c:714:6:api_PacketsStopSendSpd	8	static
api.c:720:6:api_PacketsStopSendVsd	8	static
api.c:726:6:api_AvMute	16	static
api.c:741:6:api_AudioMute	8	static
api.c:747:6:api_AudioDmaRequestAddress	0	static
api.c:754:5:api_AudioDmaGetCurrentBurstLength	0	static
api.c:758:5:api_AudioDmaGetCurrentOperationAddress	0	static
api.c:762:6:api_AudioDmaStartRead	0	static
api.c:766:6:api_AudioDmaStopRead	0	static
api.c:771:5:api_HdcpEngaged	8	static
api.c:777:4:api_HdcpAuthenticationState	8	static
api.c:783:4:api_HdcpCipherState	8	static
api.c:789:4:api_HdcpRevocationState	8	static
api.c:795:5:api_HdcpBypassEncryption	8	static
api.c:802:5:api_HdcpDisableEncryption	8	static
api.c:809:5:api_HdcpSrmUpdate	8	static
api.c:815:5:api_HotPlugDetected	0	static
api.c:820:4:api_ReadConfig	8	static
