spi_flash.c:34:12:spi_flash_read_write	32	static
spi_flash.c:64:5:spi_flash_cmd_read	16	static
spi_flash.c:59:5:spi_flash_cmd	24	static
spi_flash.c:70:5:spi_flash_cmd_write	16	static
spi_flash.c:134:5:spi_flash_read_common	32	static
spi_flash.c:147:5:spi_flash_cmd_read_fast	56	dynamic
spi_flash.c:166:5:spi_flash_cmd_poll_bit	48	static
spi_flash.c:203:5:spi_flash_cmd_wait_ready	0	static
spi_flash.c:77:5:spi_flash_cmd_write_multi	64	dynamic
spi_flash.c:210:5:spi_flash_cmd_erase	56	dynamic
spi_flash.c:330:19:spi_flash_probe	32	static
spi_flash.c:396:6:spi_flash_free	8	static
