cmd_i2c.c:165:13:get_alen	0	static
cmd_i2c.c:1323:12:do_i2c	24	static
cmd_i2c.c:1289:12:do_i2c_reset	8	static
cmd_i2c.c:186:12:do_i2c_read	32	static
cmd_i2c.c:585:12:do_i2c_probe	8	static
cmd_i2c.c:230:12:do_i2c_md	64	static
cmd_i2c.c:324:12:do_i2c_mw	40	static
cmd_i2c.c:407:12:do_i2c_crc	48	static
cmd_i2c.c:631:12:do_i2c_loop	56	static
cmd_i2c.c:1244:12:do_i2c_bus_num	8	static
cmd_i2c.c:467:1:0	56	static
cmd_i2c.c:1284:12:do_i2c_nm	0	static
cmd_i2c.c:1279:12:do_i2c_mm	0	static
cmd_i2c.c:136:6:__def_i2c_init_board	0	static
cmd_i2c.c:144:14:__def_i2c_get_bus_speed	0	static
cmd_i2c.c:151:5:__def_i2c_set_bus_speed	0	static
cmd_i2c.c:1262:12:do_i2c_bus_speed	8	static
