cmd_nvedit.c:943:12:do_env	24	static
cmd_nvedit.c:641:12:do_env_delete	8	static
cmd_nvedit.c:806:12:do_env_import	48	static
cmd_nvedit.c:631:12:do_env_default	8	static
cmd_nvedit.c:597:5:do_env_save	8	static
cmd_nvedit.c:111:12:env_print	32	static
cmd_nvedit.c:141:5:do_env_print	24	static
cmd_nvedit.c:101:5:get_env_id	0	static
cmd_nvedit.c:204:5:_do_env_set	56	static
cmd_nvedit.c:412:5:do_env_set	0	static
cmd_nvedit.c:372:5:setenv	24	static
cmd_nvedit.c:694:12:do_env_export	88	static
cmd_nvedit.c:389:5:setenv_ulong	8	static
cmd_nvedit.c:404:5:setenv_addr	32	static
cmd_nvedit.c:619:5:envmatch	24	static
cmd_nvedit.c:541:5:getenv_f	32	static
cmd_nvedit.c:517:7:getenv	32	static
cmd_nvedit.c:585:7:getenv_ulong	16	static
cmd_nvedit.c:491:5:do_env_edit	2056	static
