cmd_load.c:625:13:bin_data_init	0	static
cmd_load.c:971:14:load_serial_ymodem	1088	static
cmd_load.c:966:12:getcxmodem	8	static
cmd_load.c:643:13:bin_data_char	0	static
cmd_load.c:144:1:load_serial	856	static
cmd_load.c:54:5:do_load_serial	16	static
cmd_load.c:554:6:send_pad	16	static
cmd_load.c:563:6:ktrans	0	static
cmd_load.c:573:5:chk1	0	static
cmd_load.c:583:6:s1_sendpacket	8	static
cmd_load.c:592:6:send_ack	16	static
cmd_load.c:605:6:send_nack	16	static
cmd_load.c:662:6:k_data_init	8	static
cmd_load.c:668:6:k_data_save	0	static
cmd_load.c:674:6:k_data_restore	0	static
cmd_load.c:680:6:k_data_char	16	static
cmd_load.c:703:6:handle_send_packet	24	static
cmd_load.c:436:5:do_load_serial_bin	72	static
