console.c:115:12:console_tstc	24	static
console.c:137:13:console_putc	16	static
console.c:149:13:console_puts	16	static
console.c:204:5:serial_printf	2096	static
console.c:222:5:fgetc	16	static
console.c:253:5:ftstc	0	static
console.c:261:6:fputc	0	static
console.c:267:6:fputs	0	static
console.c:273:5:fprintf	2100	static
console.c:294:5:getc	0	static
console.c:313:5:tstc	0	static
console.c:365:6:putc	0	static
console.c:389:6:puts	0	static
console.c:416:5:printf	2096	static
console.c:440:5:vprintf	2088	static
console.c:463:5:ctrlc	16	static
console.c:482:5:disable_ctrlc	0	static
console.c:490:5:had_ctrlc	0	static
console.c:495:6:clear_ctrlc	0	static
console.c:533:13:dbg	0	static
console.c:540:19:search_device	8	static
console.c:552:5:console_assign	16	static
console.c:581:5:console_init_f	0	static
console.c:595:6:stdio_print_current_devices	8	static
console.c:624:5:console_init_r	32	static
