usb.c:292:1:usb_set_maxpacket_ep	8	static
usb.c:137:5:usb_stop	8	static
usb.c:160:5:usb_disable_asynch	0	static
usb.c:177:5:usb_submit_int_msg	0	static
usb.c:192:5:usb_control_msg	88	static
usb.c:531:12:usb_get_descriptor	32	static
usb.c:698:12:usb_get_string	56	static
usb.c:734:12:usb_string_sub	32	static
usb.c:242:5:usb_bulk_msg	16	static
usb.c:271:5:usb_maxpacket	0	static
usb.c:502:5:usb_clear_halt	48	static
usb.c:545:5:usb_get_configuration_no	32	static
usb.c:597:5:usb_set_interface	40	static
usb.c:655:5:usb_set_protocol	32	static
usb.c:665:5:usb_set_idle	32	static
usb.c:675:5:usb_get_report	32	static
usb.c:687:5:usb_get_class_descriptor	32	static
usb.c:774:5:usb_string	568	static
usb.c:834:20:usb_get_dev_index	0	static
usb.c:845:20:usb_alloc_new_device	16	static
usb.c:869:6:usb_free_device	16	static
usb.c:883:12:usb_alloc_device	0	static
usb.c:894:5:usb_new_device	616	static
usb.c:62:5:usb_init	32	static
usb.c:1091:5:board_usb_init	0	static
