cfi_flash.c:226:13:flash_make_cmd	32	static
cfi_flash.c:418:12:flash_isequal	24	static
cfi_flash.c:466:12:flash_isset	24	static
cfi_flash.c:754:21:find_sector	0	static
cfi_flash.c:1531:13:cfi_reverse_geometry	16	static
cfi_flash.c:708:13:5	12	static
cfi_flash.c:100:20:__cfi_flash_bank_addr	0	static
cfi_flash.c:107:22:__cfi_flash_bank_size	0	static
cfi_flash.c:199:15:flash_sector_size	0	static
cfi_flash.c:361:6:flash_write_cmd	24	static
cfi_flash.c:410:13:flash_unlock_seq	16	static
cfi_flash.c:565:12:flash_status_check	40	static
cfi_flash.c:603:12:flash_full_status_check	24	static
cfi_flash.c:780:12:flash_write_cfiword	40	static
cfi_flash.c:1050:5:flash_erase	24	static
cfi_flash.c:1167:6:flash_print_info	24	static
cfi_flash.c:1280:5:write_buff	88	static
cfi_flash.c:1395:5:flash_real_protect	32	static
cfi_flash.c:1493:6:flash_read_user_serial	24	static
cfi_flash.c:1511:6:flash_read_factory_serial	24	static
cfi_flash.c:1748:6:__flash_cmd_reset	8	static
cfi_flash.c:1898:7:flash_get_size	104	static
cfi_flash.c:2127:6:flash_protect_default	0	static
cfi_flash.c:2174:15:flash_init	80	static
