mtdpart.c:92:12:part_read_user_prot_reg	24	static
mtdpart.c:100:12:part_get_user_prot_info	8	static
mtdpart.c:107:12:part_read_fact_prot_reg	24	static
mtdpart.c:115:12:part_get_fact_prot_info	8	static
mtdpart.c:124:12:part_write	40	static
mtdpart.c:138:12:part_panic_write	40	static
mtdpart.c:152:12:part_write_oob	32	static
mtdpart.c:167:12:part_write_user_prot_reg	24	static
mtdpart.c:176:12:part_lock_user_prot_reg	16	static
mtdpart.c:185:12:part_erase	24	static
mtdpart.c:217:12:part_lock	40	static
mtdpart.c:225:12:part_unlock	40	static
mtdpart.c:233:13:part_sync	8	static
mtdpart.c:239:12:part_block_isbad	16	static
mtdpart.c:248:12:part_block_markbad	16	static
mtdpart.c:71:12:part_read_oob	32	static
mtdpart.c:47:12:part_read	56	static
mtdpart.c:203:6:mtd_erase_callback	16	static
mtdpart.c:269:5:del_mtd_partitions	24	static
mtdpart.c:472:5:add_mtd_partitions	112	static
